Archive member included to satisfy reference by file (symbol)

C:\Users\Administrador\Desktop\Electronica Digital 3\Ejercicios\CMSISv2p00_LPC17xx\Debug\libCMSISv2p00_LPC17xx.a(system_LPC17xx.o)
                              ./src/cr_startup_lpc175x_6x.o (SystemInit)
C:\Users\Administrador\Desktop\Electronica Digital 3\Ejercicios\CMSISv2p00_LPC17xx\Debug\libCMSISv2p00_LPC17xx.a(lpc17xx_pinsel.o)
                              ./src/teclado_2.o (PINSEL_ConfigPin)
C:\Users\Administrador\Desktop\Electronica Digital 3\Ejercicios\CMSISv2p00_LPC17xx\Debug\libCMSISv2p00_LPC17xx.a(lpc17xx_uart.o)
                              ./src/teclado_2.o (UART_Init)
C:\Users\Administrador\Desktop\Electronica Digital 3\Ejercicios\CMSISv2p00_LPC17xx\Debug\libCMSISv2p00_LPC17xx.a(lpc17xx_clkpwr.o)
                              C:\Users\Administrador\Desktop\Electronica Digital 3\Ejercicios\CMSISv2p00_LPC17xx\Debug\libCMSISv2p00_LPC17xx.a(lpc17xx_uart.o) (CLKPWR_GetPCLK)
C:\Users\Administrador\Desktop\Electronica Digital 3\Ejercicios\CMSISv2p00_LPC17xx\Debug\libCMSISv2p00_LPC17xx.a(lpc17xx_libcfg_default.o)
                              C:\Users\Administrador\Desktop\Electronica Digital 3\Ejercicios\CMSISv2p00_LPC17xx\Debug\libCMSISv2p00_LPC17xx.a(lpc17xx_uart.o) (check_failed)
c:/nxp/mcuxpressoide_11.4.0_6224/ide/plugins/com.nxp.mcuxpresso.tools.win32_11.4.0.202103011116/tools/bin/../lib/gcc/arm-none-eabi/10.2.1/../../../../arm-none-eabi/lib/thumb/v7-m/nofp\libcr_c.a(__weak__main.o)
                              ./src/cr_startup_lpc175x_6x.o (__main)
c:/nxp/mcuxpressoide_11.4.0_6224/ide/plugins/com.nxp.mcuxpresso.tools.win32_11.4.0.202103011116/tools/bin/../lib/gcc/arm-none-eabi/10.2.1/thumb/v7-m/nofp\libcr_eabihelpers.a(division_64.o)
                              C:\Users\Administrador\Desktop\Electronica Digital 3\Ejercicios\CMSISv2p00_LPC17xx\Debug\libCMSISv2p00_LPC17xx.a(system_LPC17xx.o) (__aeabi_ldivmod)
c:/nxp/mcuxpressoide_11.4.0_6224/ide/plugins/com.nxp.mcuxpresso.tools.win32_11.4.0.202103011116/tools/bin/../lib/gcc/arm-none-eabi/10.2.1/thumb/v7-m/nofp\libcr_eabihelpers.a(division_idiv0.o)
                              c:/nxp/mcuxpressoide_11.4.0_6224/ide/plugins/com.nxp.mcuxpresso.tools.win32_11.4.0.202103011116/tools/bin/../lib/gcc/arm-none-eabi/10.2.1/thumb/v7-m/nofp\libcr_eabihelpers.a(division_64.o) (__aeabi_idiv0)

Discarded input sections

 .group         0x00000000        0xc ./src/cr_startup_lpc175x_6x.o
 .text          0x00000000        0x0 ./src/cr_startup_lpc175x_6x.o
 .data          0x00000000        0x0 ./src/cr_startup_lpc175x_6x.o
 .bss           0x00000000        0x0 ./src/cr_startup_lpc175x_6x.o
 .group         0x00000000        0xc ./src/crp.o
 .group         0x00000000        0xc ./src/crp.o
 .text          0x00000000        0x0 ./src/crp.o
 .data          0x00000000        0x0 ./src/crp.o
 .bss           0x00000000        0x0 ./src/crp.o
 .debug_macro   0x00000000      0xa7e ./src/crp.o
 .group         0x00000000        0xc ./src/teclado_2.o
 .group         0x00000000        0xc ./src/teclado_2.o
 .group         0x00000000        0xc ./src/teclado_2.o
 .group         0x00000000        0xc ./src/teclado_2.o
 .group         0x00000000        0xc ./src/teclado_2.o
 .group         0x00000000        0xc ./src/teclado_2.o
 .group         0x00000000        0xc ./src/teclado_2.o
 .group         0x00000000        0xc ./src/teclado_2.o
 .group         0x00000000        0xc ./src/teclado_2.o
 .group         0x00000000        0xc ./src/teclado_2.o
 .group         0x00000000        0xc ./src/teclado_2.o
 .group         0x00000000        0xc ./src/teclado_2.o
 .group         0x00000000        0xc ./src/teclado_2.o
 .group         0x00000000        0xc ./src/teclado_2.o
 .group         0x00000000        0xc ./src/teclado_2.o
 .group         0x00000000        0xc ./src/teclado_2.o
 .text          0x00000000        0x0 ./src/teclado_2.o
 .data          0x00000000        0x0 ./src/teclado_2.o
 .bss           0x00000000        0x0 ./src/teclado_2.o
 .debug_macro   0x00000000      0xa7e ./src/teclado_2.o
 .group         0x00000000        0xc C:\Users\Administrador\Desktop\Electronica Digital 3\Ejercicios\CMSISv2p00_LPC17xx\Debug\libCMSISv2p00_LPC17xx.a(system_LPC17xx.o)
 .group         0x00000000        0xc C:\Users\Administrador\Desktop\Electronica Digital 3\Ejercicios\CMSISv2p00_LPC17xx\Debug\libCMSISv2p00_LPC17xx.a(system_LPC17xx.o)
 .group         0x00000000        0xc C:\Users\Administrador\Desktop\Electronica Digital 3\Ejercicios\CMSISv2p00_LPC17xx\Debug\libCMSISv2p00_LPC17xx.a(system_LPC17xx.o)
 .group         0x00000000        0xc C:\Users\Administrador\Desktop\Electronica Digital 3\Ejercicios\CMSISv2p00_LPC17xx\Debug\libCMSISv2p00_LPC17xx.a(system_LPC17xx.o)
 .group         0x00000000        0xc C:\Users\Administrador\Desktop\Electronica Digital 3\Ejercicios\CMSISv2p00_LPC17xx\Debug\libCMSISv2p00_LPC17xx.a(system_LPC17xx.o)
 .group         0x00000000        0xc C:\Users\Administrador\Desktop\Electronica Digital 3\Ejercicios\CMSISv2p00_LPC17xx\Debug\libCMSISv2p00_LPC17xx.a(system_LPC17xx.o)
 .group         0x00000000        0xc C:\Users\Administrador\Desktop\Electronica Digital 3\Ejercicios\CMSISv2p00_LPC17xx\Debug\libCMSISv2p00_LPC17xx.a(system_LPC17xx.o)
 .group         0x00000000        0xc C:\Users\Administrador\Desktop\Electronica Digital 3\Ejercicios\CMSISv2p00_LPC17xx\Debug\libCMSISv2p00_LPC17xx.a(system_LPC17xx.o)
 .group         0x00000000        0xc C:\Users\Administrador\Desktop\Electronica Digital 3\Ejercicios\CMSISv2p00_LPC17xx\Debug\libCMSISv2p00_LPC17xx.a(system_LPC17xx.o)
 .text          0x00000000        0x0 C:\Users\Administrador\Desktop\Electronica Digital 3\Ejercicios\CMSISv2p00_LPC17xx\Debug\libCMSISv2p00_LPC17xx.a(system_LPC17xx.o)
 .data          0x00000000        0x0 C:\Users\Administrador\Desktop\Electronica Digital 3\Ejercicios\CMSISv2p00_LPC17xx\Debug\libCMSISv2p00_LPC17xx.a(system_LPC17xx.o)
 .bss           0x00000000        0x0 C:\Users\Administrador\Desktop\Electronica Digital 3\Ejercicios\CMSISv2p00_LPC17xx\Debug\libCMSISv2p00_LPC17xx.a(system_LPC17xx.o)
 .text.SystemCoreClockUpdate
                0x00000000       0xb8 C:\Users\Administrador\Desktop\Electronica Digital 3\Ejercicios\CMSISv2p00_LPC17xx\Debug\libCMSISv2p00_LPC17xx.a(system_LPC17xx.o)
 .debug_macro   0x00000000       0x2e C:\Users\Administrador\Desktop\Electronica Digital 3\Ejercicios\CMSISv2p00_LPC17xx\Debug\libCMSISv2p00_LPC17xx.a(system_LPC17xx.o)
 .debug_macro   0x00000000       0x10 C:\Users\Administrador\Desktop\Electronica Digital 3\Ejercicios\CMSISv2p00_LPC17xx\Debug\libCMSISv2p00_LPC17xx.a(system_LPC17xx.o)
 .debug_macro   0x00000000      0x12e C:\Users\Administrador\Desktop\Electronica Digital 3\Ejercicios\CMSISv2p00_LPC17xx\Debug\libCMSISv2p00_LPC17xx.a(system_LPC17xx.o)
 .debug_macro   0x00000000      0x5b3 C:\Users\Administrador\Desktop\Electronica Digital 3\Ejercicios\CMSISv2p00_LPC17xx\Debug\libCMSISv2p00_LPC17xx.a(system_LPC17xx.o)
 .debug_macro   0x00000000       0x18 C:\Users\Administrador\Desktop\Electronica Digital 3\Ejercicios\CMSISv2p00_LPC17xx\Debug\libCMSISv2p00_LPC17xx.a(system_LPC17xx.o)
 .debug_macro   0x00000000      0x7af C:\Users\Administrador\Desktop\Electronica Digital 3\Ejercicios\CMSISv2p00_LPC17xx\Debug\libCMSISv2p00_LPC17xx.a(system_LPC17xx.o)
 .group         0x00000000        0xc C:\Users\Administrador\Desktop\Electronica Digital 3\Ejercicios\CMSISv2p00_LPC17xx\Debug\libCMSISv2p00_LPC17xx.a(lpc17xx_pinsel.o)
 .group         0x00000000        0xc C:\Users\Administrador\Desktop\Electronica Digital 3\Ejercicios\CMSISv2p00_LPC17xx\Debug\libCMSISv2p00_LPC17xx.a(lpc17xx_pinsel.o)
 .group         0x00000000        0xc C:\Users\Administrador\Desktop\Electronica Digital 3\Ejercicios\CMSISv2p00_LPC17xx\Debug\libCMSISv2p00_LPC17xx.a(lpc17xx_pinsel.o)
 .group         0x00000000        0xc C:\Users\Administrador\Desktop\Electronica Digital 3\Ejercicios\CMSISv2p00_LPC17xx\Debug\libCMSISv2p00_LPC17xx.a(lpc17xx_pinsel.o)
 .group         0x00000000        0xc C:\Users\Administrador\Desktop\Electronica Digital 3\Ejercicios\CMSISv2p00_LPC17xx\Debug\libCMSISv2p00_LPC17xx.a(lpc17xx_pinsel.o)
 .group         0x00000000        0xc C:\Users\Administrador\Desktop\Electronica Digital 3\Ejercicios\CMSISv2p00_LPC17xx\Debug\libCMSISv2p00_LPC17xx.a(lpc17xx_pinsel.o)
 .group         0x00000000        0xc C:\Users\Administrador\Desktop\Electronica Digital 3\Ejercicios\CMSISv2p00_LPC17xx\Debug\libCMSISv2p00_LPC17xx.a(lpc17xx_pinsel.o)
 .group         0x00000000        0xc C:\Users\Administrador\Desktop\Electronica Digital 3\Ejercicios\CMSISv2p00_LPC17xx\Debug\libCMSISv2p00_LPC17xx.a(lpc17xx_pinsel.o)
 .group         0x00000000        0xc C:\Users\Administrador\Desktop\Electronica Digital 3\Ejercicios\CMSISv2p00_LPC17xx\Debug\libCMSISv2p00_LPC17xx.a(lpc17xx_pinsel.o)
 .group         0x00000000        0xc C:\Users\Administrador\Desktop\Electronica Digital 3\Ejercicios\CMSISv2p00_LPC17xx\Debug\libCMSISv2p00_LPC17xx.a(lpc17xx_pinsel.o)
 .group         0x00000000        0xc C:\Users\Administrador\Desktop\Electronica Digital 3\Ejercicios\CMSISv2p00_LPC17xx\Debug\libCMSISv2p00_LPC17xx.a(lpc17xx_pinsel.o)
 .text          0x00000000        0x0 C:\Users\Administrador\Desktop\Electronica Digital 3\Ejercicios\CMSISv2p00_LPC17xx\Debug\libCMSISv2p00_LPC17xx.a(lpc17xx_pinsel.o)
 .data          0x00000000        0x0 C:\Users\Administrador\Desktop\Electronica Digital 3\Ejercicios\CMSISv2p00_LPC17xx\Debug\libCMSISv2p00_LPC17xx.a(lpc17xx_pinsel.o)
 .bss           0x00000000        0x0 C:\Users\Administrador\Desktop\Electronica Digital 3\Ejercicios\CMSISv2p00_LPC17xx\Debug\libCMSISv2p00_LPC17xx.a(lpc17xx_pinsel.o)
 .text.PINSEL_ConfigTraceFunc
                0x00000000       0x24 C:\Users\Administrador\Desktop\Electronica Digital 3\Ejercicios\CMSISv2p00_LPC17xx\Debug\libCMSISv2p00_LPC17xx.a(lpc17xx_pinsel.o)
 .text.PINSEL_SetI2C0Pins
                0x00000000       0x18 C:\Users\Administrador\Desktop\Electronica Digital 3\Ejercicios\CMSISv2p00_LPC17xx\Debug\libCMSISv2p00_LPC17xx.a(lpc17xx_pinsel.o)
 .debug_macro   0x00000000      0xa78 C:\Users\Administrador\Desktop\Electronica Digital 3\Ejercicios\CMSISv2p00_LPC17xx\Debug\libCMSISv2p00_LPC17xx.a(lpc17xx_pinsel.o)
 .debug_macro   0x00000000       0x1c C:\Users\Administrador\Desktop\Electronica Digital 3\Ejercicios\CMSISv2p00_LPC17xx\Debug\libCMSISv2p00_LPC17xx.a(lpc17xx_pinsel.o)
 .debug_macro   0x00000000       0x2e C:\Users\Administrador\Desktop\Electronica Digital 3\Ejercicios\CMSISv2p00_LPC17xx\Debug\libCMSISv2p00_LPC17xx.a(lpc17xx_pinsel.o)
 .debug_macro   0x00000000       0x10 C:\Users\Administrador\Desktop\Electronica Digital 3\Ejercicios\CMSISv2p00_LPC17xx\Debug\libCMSISv2p00_LPC17xx.a(lpc17xx_pinsel.o)
 .debug_macro   0x00000000      0x12e C:\Users\Administrador\Desktop\Electronica Digital 3\Ejercicios\CMSISv2p00_LPC17xx\Debug\libCMSISv2p00_LPC17xx.a(lpc17xx_pinsel.o)
 .debug_macro   0x00000000      0x5b3 C:\Users\Administrador\Desktop\Electronica Digital 3\Ejercicios\CMSISv2p00_LPC17xx\Debug\libCMSISv2p00_LPC17xx.a(lpc17xx_pinsel.o)
 .debug_macro   0x00000000       0x18 C:\Users\Administrador\Desktop\Electronica Digital 3\Ejercicios\CMSISv2p00_LPC17xx\Debug\libCMSISv2p00_LPC17xx.a(lpc17xx_pinsel.o)
 .debug_macro   0x00000000      0x7af C:\Users\Administrador\Desktop\Electronica Digital 3\Ejercicios\CMSISv2p00_LPC17xx\Debug\libCMSISv2p00_LPC17xx.a(lpc17xx_pinsel.o)
 .debug_macro   0x00000000      0x2c7 C:\Users\Administrador\Desktop\Electronica Digital 3\Ejercicios\CMSISv2p00_LPC17xx\Debug\libCMSISv2p00_LPC17xx.a(lpc17xx_pinsel.o)
 .debug_macro   0x00000000       0x63 C:\Users\Administrador\Desktop\Electronica Digital 3\Ejercicios\CMSISv2p00_LPC17xx\Debug\libCMSISv2p00_LPC17xx.a(lpc17xx_pinsel.o)
 .group         0x00000000        0xc C:\Users\Administrador\Desktop\Electronica Digital 3\Ejercicios\CMSISv2p00_LPC17xx\Debug\libCMSISv2p00_LPC17xx.a(lpc17xx_uart.o)
 .group         0x00000000        0xc C:\Users\Administrador\Desktop\Electronica Digital 3\Ejercicios\CMSISv2p00_LPC17xx\Debug\libCMSISv2p00_LPC17xx.a(lpc17xx_uart.o)
 .group         0x00000000        0xc C:\Users\Administrador\Desktop\Electronica Digital 3\Ejercicios\CMSISv2p00_LPC17xx\Debug\libCMSISv2p00_LPC17xx.a(lpc17xx_uart.o)
 .group         0x00000000        0xc C:\Users\Administrador\Desktop\Electronica Digital 3\Ejercicios\CMSISv2p00_LPC17xx\Debug\libCMSISv2p00_LPC17xx.a(lpc17xx_uart.o)
 .group         0x00000000        0xc C:\Users\Administrador\Desktop\Electronica Digital 3\Ejercicios\CMSISv2p00_LPC17xx\Debug\libCMSISv2p00_LPC17xx.a(lpc17xx_uart.o)
 .group         0x00000000        0xc C:\Users\Administrador\Desktop\Electronica Digital 3\Ejercicios\CMSISv2p00_LPC17xx\Debug\libCMSISv2p00_LPC17xx.a(lpc17xx_uart.o)
 .group         0x00000000        0xc C:\Users\Administrador\Desktop\Electronica Digital 3\Ejercicios\CMSISv2p00_LPC17xx\Debug\libCMSISv2p00_LPC17xx.a(lpc17xx_uart.o)
 .group         0x00000000        0xc C:\Users\Administrador\Desktop\Electronica Digital 3\Ejercicios\CMSISv2p00_LPC17xx\Debug\libCMSISv2p00_LPC17xx.a(lpc17xx_uart.o)
 .group         0x00000000        0xc C:\Users\Administrador\Desktop\Electronica Digital 3\Ejercicios\CMSISv2p00_LPC17xx\Debug\libCMSISv2p00_LPC17xx.a(lpc17xx_uart.o)
 .group         0x00000000        0xc C:\Users\Administrador\Desktop\Electronica Digital 3\Ejercicios\CMSISv2p00_LPC17xx\Debug\libCMSISv2p00_LPC17xx.a(lpc17xx_uart.o)
 .group         0x00000000        0xc C:\Users\Administrador\Desktop\Electronica Digital 3\Ejercicios\CMSISv2p00_LPC17xx\Debug\libCMSISv2p00_LPC17xx.a(lpc17xx_uart.o)
 .group         0x00000000        0xc C:\Users\Administrador\Desktop\Electronica Digital 3\Ejercicios\CMSISv2p00_LPC17xx\Debug\libCMSISv2p00_LPC17xx.a(lpc17xx_uart.o)
 .group         0x00000000        0xc C:\Users\Administrador\Desktop\Electronica Digital 3\Ejercicios\CMSISv2p00_LPC17xx\Debug\libCMSISv2p00_LPC17xx.a(lpc17xx_uart.o)
 .text          0x00000000        0x0 C:\Users\Administrador\Desktop\Electronica Digital 3\Ejercicios\CMSISv2p00_LPC17xx\Debug\libCMSISv2p00_LPC17xx.a(lpc17xx_uart.o)
 .data          0x00000000        0x0 C:\Users\Administrador\Desktop\Electronica Digital 3\Ejercicios\CMSISv2p00_LPC17xx\Debug\libCMSISv2p00_LPC17xx.a(lpc17xx_uart.o)
 .bss           0x00000000        0x0 C:\Users\Administrador\Desktop\Electronica Digital 3\Ejercicios\CMSISv2p00_LPC17xx\Debug\libCMSISv2p00_LPC17xx.a(lpc17xx_uart.o)
 .text.UART_ReceiveByte
                0x00000000       0x3c C:\Users\Administrador\Desktop\Electronica Digital 3\Ejercicios\CMSISv2p00_LPC17xx\Debug\libCMSISv2p00_LPC17xx.a(lpc17xx_uart.o)
 .text.UART_Send
                0x00000000       0x84 C:\Users\Administrador\Desktop\Electronica Digital 3\Ejercicios\CMSISv2p00_LPC17xx\Debug\libCMSISv2p00_LPC17xx.a(lpc17xx_uart.o)
 .text.UART_Receive
                0x00000000       0x50 C:\Users\Administrador\Desktop\Electronica Digital 3\Ejercicios\CMSISv2p00_LPC17xx\Debug\libCMSISv2p00_LPC17xx.a(lpc17xx_uart.o)
 .text.UART_ForceBreak
                0x00000000       0x40 C:\Users\Administrador\Desktop\Electronica Digital 3\Ejercicios\CMSISv2p00_LPC17xx\Debug\libCMSISv2p00_LPC17xx.a(lpc17xx_uart.o)
 .text.UART_IntConfig
                0x00000000       0xc4 C:\Users\Administrador\Desktop\Electronica Digital 3\Ejercicios\CMSISv2p00_LPC17xx\Debug\libCMSISv2p00_LPC17xx.a(lpc17xx_uart.o)
 .text.UART_GetLineStatus
                0x00000000       0x3c C:\Users\Administrador\Desktop\Electronica Digital 3\Ejercicios\CMSISv2p00_LPC17xx\Debug\libCMSISv2p00_LPC17xx.a(lpc17xx_uart.o)
 .text.UART_GetIntId
                0x00000000       0x40 C:\Users\Administrador\Desktop\Electronica Digital 3\Ejercicios\CMSISv2p00_LPC17xx\Debug\libCMSISv2p00_LPC17xx.a(lpc17xx_uart.o)
 .text.UART_CheckBusy
                0x00000000        0xc C:\Users\Administrador\Desktop\Electronica Digital 3\Ejercicios\CMSISv2p00_LPC17xx\Debug\libCMSISv2p00_LPC17xx.a(lpc17xx_uart.o)
 .text.UART_ABCmd
                0x00000000       0xb4 C:\Users\Administrador\Desktop\Electronica Digital 3\Ejercicios\CMSISv2p00_LPC17xx\Debug\libCMSISv2p00_LPC17xx.a(lpc17xx_uart.o)
 .text.UART_ABClearIntPending
                0x00000000       0x40 C:\Users\Administrador\Desktop\Electronica Digital 3\Ejercicios\CMSISv2p00_LPC17xx\Debug\libCMSISv2p00_LPC17xx.a(lpc17xx_uart.o)
 .text.UART_DeInit
                0x00000000       0x84 C:\Users\Administrador\Desktop\Electronica Digital 3\Ejercicios\CMSISv2p00_LPC17xx\Debug\libCMSISv2p00_LPC17xx.a(lpc17xx_uart.o)
 .text.UART_IrDAInvtInputCmd
                0x00000000       0x44 C:\Users\Administrador\Desktop\Electronica Digital 3\Ejercicios\CMSISv2p00_LPC17xx\Debug\libCMSISv2p00_LPC17xx.a(lpc17xx_uart.o)
 .text.UART_IrDACmd
                0x00000000       0x48 C:\Users\Administrador\Desktop\Electronica Digital 3\Ejercicios\CMSISv2p00_LPC17xx\Debug\libCMSISv2p00_LPC17xx.a(lpc17xx_uart.o)
 .text.UART_IrDAPulseDivConfig
                0x00000000       0x4c C:\Users\Administrador\Desktop\Electronica Digital 3\Ejercicios\CMSISv2p00_LPC17xx\Debug\libCMSISv2p00_LPC17xx.a(lpc17xx_uart.o)
 .text.UART_FullModemForcePinState
                0x00000000       0x70 C:\Users\Administrador\Desktop\Electronica Digital 3\Ejercicios\CMSISv2p00_LPC17xx\Debug\libCMSISv2p00_LPC17xx.a(lpc17xx_uart.o)
 .text.UART_FullModemConfigMode
                0x00000000       0x6c C:\Users\Administrador\Desktop\Electronica Digital 3\Ejercicios\CMSISv2p00_LPC17xx\Debug\libCMSISv2p00_LPC17xx.a(lpc17xx_uart.o)
 .text.UART_FullModemGetStatus
                0x00000000       0x20 C:\Users\Administrador\Desktop\Electronica Digital 3\Ejercicios\CMSISv2p00_LPC17xx\Debug\libCMSISv2p00_LPC17xx.a(lpc17xx_uart.o)
 .text.UART_RS485Config
                0x00000000       0xf4 C:\Users\Administrador\Desktop\Electronica Digital 3\Ejercicios\CMSISv2p00_LPC17xx\Debug\libCMSISv2p00_LPC17xx.a(lpc17xx_uart.o)
 .text.UART_RS485ReceiverCmd
                0x00000000       0x16 C:\Users\Administrador\Desktop\Electronica Digital 3\Ejercicios\CMSISv2p00_LPC17xx\Debug\libCMSISv2p00_LPC17xx.a(lpc17xx_uart.o)
 .text.UART_RS485Send
                0x00000000       0x2e C:\Users\Administrador\Desktop\Electronica Digital 3\Ejercicios\CMSISv2p00_LPC17xx\Debug\libCMSISv2p00_LPC17xx.a(lpc17xx_uart.o)
 .text.UART_RS485SendSlvAddr
                0x00000000       0x2a C:\Users\Administrador\Desktop\Electronica Digital 3\Ejercicios\CMSISv2p00_LPC17xx\Debug\libCMSISv2p00_LPC17xx.a(lpc17xx_uart.o)
 .text.UART_RS485SendData
                0x00000000        0x6 C:\Users\Administrador\Desktop\Electronica Digital 3\Ejercicios\CMSISv2p00_LPC17xx\Debug\libCMSISv2p00_LPC17xx.a(lpc17xx_uart.o)
 .rodata.CSWTCH.29
                0x00000000        0xe C:\Users\Administrador\Desktop\Electronica Digital 3\Ejercicios\CMSISv2p00_LPC17xx\Debug\libCMSISv2p00_LPC17xx.a(lpc17xx_uart.o)
 .rodata.CSWTCH.44
                0x00000000        0x3 C:\Users\Administrador\Desktop\Electronica Digital 3\Ejercicios\CMSISv2p00_LPC17xx\Debug\libCMSISv2p00_LPC17xx.a(lpc17xx_uart.o)
 .debug_macro   0x00000000      0xa78 C:\Users\Administrador\Desktop\Electronica Digital 3\Ejercicios\CMSISv2p00_LPC17xx\Debug\libCMSISv2p00_LPC17xx.a(lpc17xx_uart.o)
 .debug_macro   0x00000000       0x1c C:\Users\Administrador\Desktop\Electronica Digital 3\Ejercicios\CMSISv2p00_LPC17xx\Debug\libCMSISv2p00_LPC17xx.a(lpc17xx_uart.o)
 .debug_macro   0x00000000       0x2e C:\Users\Administrador\Desktop\Electronica Digital 3\Ejercicios\CMSISv2p00_LPC17xx\Debug\libCMSISv2p00_LPC17xx.a(lpc17xx_uart.o)
 .debug_macro   0x00000000       0x10 C:\Users\Administrador\Desktop\Electronica Digital 3\Ejercicios\CMSISv2p00_LPC17xx\Debug\libCMSISv2p00_LPC17xx.a(lpc17xx_uart.o)
 .debug_macro   0x00000000      0x12e C:\Users\Administrador\Desktop\Electronica Digital 3\Ejercicios\CMSISv2p00_LPC17xx\Debug\libCMSISv2p00_LPC17xx.a(lpc17xx_uart.o)
 .debug_macro   0x00000000      0x5b3 C:\Users\Administrador\Desktop\Electronica Digital 3\Ejercicios\CMSISv2p00_LPC17xx\Debug\libCMSISv2p00_LPC17xx.a(lpc17xx_uart.o)
 .debug_macro   0x00000000       0x18 C:\Users\Administrador\Desktop\Electronica Digital 3\Ejercicios\CMSISv2p00_LPC17xx\Debug\libCMSISv2p00_LPC17xx.a(lpc17xx_uart.o)
 .debug_macro   0x00000000      0x7af C:\Users\Administrador\Desktop\Electronica Digital 3\Ejercicios\CMSISv2p00_LPC17xx\Debug\libCMSISv2p00_LPC17xx.a(lpc17xx_uart.o)
 .debug_macro   0x00000000      0x2c7 C:\Users\Administrador\Desktop\Electronica Digital 3\Ejercicios\CMSISv2p00_LPC17xx\Debug\libCMSISv2p00_LPC17xx.a(lpc17xx_uart.o)
 .debug_macro   0x00000000       0x63 C:\Users\Administrador\Desktop\Electronica Digital 3\Ejercicios\CMSISv2p00_LPC17xx\Debug\libCMSISv2p00_LPC17xx.a(lpc17xx_uart.o)
 .group         0x00000000        0xc C:\Users\Administrador\Desktop\Electronica Digital 3\Ejercicios\CMSISv2p00_LPC17xx\Debug\libCMSISv2p00_LPC17xx.a(lpc17xx_clkpwr.o)
 .group         0x00000000        0xc C:\Users\Administrador\Desktop\Electronica Digital 3\Ejercicios\CMSISv2p00_LPC17xx\Debug\libCMSISv2p00_LPC17xx.a(lpc17xx_clkpwr.o)
 .group         0x00000000        0xc C:\Users\Administrador\Desktop\Electronica Digital 3\Ejercicios\CMSISv2p00_LPC17xx\Debug\libCMSISv2p00_LPC17xx.a(lpc17xx_clkpwr.o)
 .group         0x00000000        0xc C:\Users\Administrador\Desktop\Electronica Digital 3\Ejercicios\CMSISv2p00_LPC17xx\Debug\libCMSISv2p00_LPC17xx.a(lpc17xx_clkpwr.o)
 .group         0x00000000        0xc C:\Users\Administrador\Desktop\Electronica Digital 3\Ejercicios\CMSISv2p00_LPC17xx\Debug\libCMSISv2p00_LPC17xx.a(lpc17xx_clkpwr.o)
 .group         0x00000000        0xc C:\Users\Administrador\Desktop\Electronica Digital 3\Ejercicios\CMSISv2p00_LPC17xx\Debug\libCMSISv2p00_LPC17xx.a(lpc17xx_clkpwr.o)
 .group         0x00000000        0xc C:\Users\Administrador\Desktop\Electronica Digital 3\Ejercicios\CMSISv2p00_LPC17xx\Debug\libCMSISv2p00_LPC17xx.a(lpc17xx_clkpwr.o)
 .group         0x00000000        0xc C:\Users\Administrador\Desktop\Electronica Digital 3\Ejercicios\CMSISv2p00_LPC17xx\Debug\libCMSISv2p00_LPC17xx.a(lpc17xx_clkpwr.o)
 .group         0x00000000        0xc C:\Users\Administrador\Desktop\Electronica Digital 3\Ejercicios\CMSISv2p00_LPC17xx\Debug\libCMSISv2p00_LPC17xx.a(lpc17xx_clkpwr.o)
 .group         0x00000000        0xc C:\Users\Administrador\Desktop\Electronica Digital 3\Ejercicios\CMSISv2p00_LPC17xx\Debug\libCMSISv2p00_LPC17xx.a(lpc17xx_clkpwr.o)
 .group         0x00000000        0xc C:\Users\Administrador\Desktop\Electronica Digital 3\Ejercicios\CMSISv2p00_LPC17xx\Debug\libCMSISv2p00_LPC17xx.a(lpc17xx_clkpwr.o)
 .text          0x00000000        0x0 C:\Users\Administrador\Desktop\Electronica Digital 3\Ejercicios\CMSISv2p00_LPC17xx\Debug\libCMSISv2p00_LPC17xx.a(lpc17xx_clkpwr.o)
 .data          0x00000000        0x0 C:\Users\Administrador\Desktop\Electronica Digital 3\Ejercicios\CMSISv2p00_LPC17xx\Debug\libCMSISv2p00_LPC17xx.a(lpc17xx_clkpwr.o)
 .bss           0x00000000        0x0 C:\Users\Administrador\Desktop\Electronica Digital 3\Ejercicios\CMSISv2p00_LPC17xx\Debug\libCMSISv2p00_LPC17xx.a(lpc17xx_clkpwr.o)
 .text.CLKPWR_SetPCLKDiv
                0x00000000       0x4c C:\Users\Administrador\Desktop\Electronica Digital 3\Ejercicios\CMSISv2p00_LPC17xx\Debug\libCMSISv2p00_LPC17xx.a(lpc17xx_clkpwr.o)
 .text.CLKPWR_Sleep
                0x00000000       0x10 C:\Users\Administrador\Desktop\Electronica Digital 3\Ejercicios\CMSISv2p00_LPC17xx\Debug\libCMSISv2p00_LPC17xx.a(lpc17xx_clkpwr.o)
 .text.CLKPWR_DeepSleep
                0x00000000       0x1c C:\Users\Administrador\Desktop\Electronica Digital 3\Ejercicios\CMSISv2p00_LPC17xx\Debug\libCMSISv2p00_LPC17xx.a(lpc17xx_clkpwr.o)
 .text.CLKPWR_PowerDown
                0x00000000       0x1c C:\Users\Administrador\Desktop\Electronica Digital 3\Ejercicios\CMSISv2p00_LPC17xx\Debug\libCMSISv2p00_LPC17xx.a(lpc17xx_clkpwr.o)
 .text.CLKPWR_DeepPowerDown
                0x00000000       0x1c C:\Users\Administrador\Desktop\Electronica Digital 3\Ejercicios\CMSISv2p00_LPC17xx\Debug\libCMSISv2p00_LPC17xx.a(lpc17xx_clkpwr.o)
 .debug_macro   0x00000000      0xa78 C:\Users\Administrador\Desktop\Electronica Digital 3\Ejercicios\CMSISv2p00_LPC17xx\Debug\libCMSISv2p00_LPC17xx.a(lpc17xx_clkpwr.o)
 .debug_macro   0x00000000       0x1c C:\Users\Administrador\Desktop\Electronica Digital 3\Ejercicios\CMSISv2p00_LPC17xx\Debug\libCMSISv2p00_LPC17xx.a(lpc17xx_clkpwr.o)
 .debug_macro   0x00000000       0x2e C:\Users\Administrador\Desktop\Electronica Digital 3\Ejercicios\CMSISv2p00_LPC17xx\Debug\libCMSISv2p00_LPC17xx.a(lpc17xx_clkpwr.o)
 .debug_macro   0x00000000       0x10 C:\Users\Administrador\Desktop\Electronica Digital 3\Ejercicios\CMSISv2p00_LPC17xx\Debug\libCMSISv2p00_LPC17xx.a(lpc17xx_clkpwr.o)
 .debug_macro   0x00000000      0x12e C:\Users\Administrador\Desktop\Electronica Digital 3\Ejercicios\CMSISv2p00_LPC17xx\Debug\libCMSISv2p00_LPC17xx.a(lpc17xx_clkpwr.o)
 .debug_macro   0x00000000      0x5b3 C:\Users\Administrador\Desktop\Electronica Digital 3\Ejercicios\CMSISv2p00_LPC17xx\Debug\libCMSISv2p00_LPC17xx.a(lpc17xx_clkpwr.o)
 .debug_macro   0x00000000       0x18 C:\Users\Administrador\Desktop\Electronica Digital 3\Ejercicios\CMSISv2p00_LPC17xx\Debug\libCMSISv2p00_LPC17xx.a(lpc17xx_clkpwr.o)
 .debug_macro   0x00000000      0x7af C:\Users\Administrador\Desktop\Electronica Digital 3\Ejercicios\CMSISv2p00_LPC17xx\Debug\libCMSISv2p00_LPC17xx.a(lpc17xx_clkpwr.o)
 .debug_macro   0x00000000      0x2c7 C:\Users\Administrador\Desktop\Electronica Digital 3\Ejercicios\CMSISv2p00_LPC17xx\Debug\libCMSISv2p00_LPC17xx.a(lpc17xx_clkpwr.o)
 .debug_macro   0x00000000       0x63 C:\Users\Administrador\Desktop\Electronica Digital 3\Ejercicios\CMSISv2p00_LPC17xx\Debug\libCMSISv2p00_LPC17xx.a(lpc17xx_clkpwr.o)
 .group         0x00000000        0xc C:\Users\Administrador\Desktop\Electronica Digital 3\Ejercicios\CMSISv2p00_LPC17xx\Debug\libCMSISv2p00_LPC17xx.a(lpc17xx_libcfg_default.o)
 .group         0x00000000        0xc C:\Users\Administrador\Desktop\Electronica Digital 3\Ejercicios\CMSISv2p00_LPC17xx\Debug\libCMSISv2p00_LPC17xx.a(lpc17xx_libcfg_default.o)
 .group         0x00000000        0xc C:\Users\Administrador\Desktop\Electronica Digital 3\Ejercicios\CMSISv2p00_LPC17xx\Debug\libCMSISv2p00_LPC17xx.a(lpc17xx_libcfg_default.o)
 .group         0x00000000        0xc C:\Users\Administrador\Desktop\Electronica Digital 3\Ejercicios\CMSISv2p00_LPC17xx\Debug\libCMSISv2p00_LPC17xx.a(lpc17xx_libcfg_default.o)
 .group         0x00000000        0xc C:\Users\Administrador\Desktop\Electronica Digital 3\Ejercicios\CMSISv2p00_LPC17xx\Debug\libCMSISv2p00_LPC17xx.a(lpc17xx_libcfg_default.o)
 .group         0x00000000        0xc C:\Users\Administrador\Desktop\Electronica Digital 3\Ejercicios\CMSISv2p00_LPC17xx\Debug\libCMSISv2p00_LPC17xx.a(lpc17xx_libcfg_default.o)
 .text          0x00000000        0x0 C:\Users\Administrador\Desktop\Electronica Digital 3\Ejercicios\CMSISv2p00_LPC17xx\Debug\libCMSISv2p00_LPC17xx.a(lpc17xx_libcfg_default.o)
 .data          0x00000000        0x0 C:\Users\Administrador\Desktop\Electronica Digital 3\Ejercicios\CMSISv2p00_LPC17xx\Debug\libCMSISv2p00_LPC17xx.a(lpc17xx_libcfg_default.o)
 .bss           0x00000000        0x0 C:\Users\Administrador\Desktop\Electronica Digital 3\Ejercicios\CMSISv2p00_LPC17xx\Debug\libCMSISv2p00_LPC17xx.a(lpc17xx_libcfg_default.o)
 .debug_macro   0x00000000      0xa78 C:\Users\Administrador\Desktop\Electronica Digital 3\Ejercicios\CMSISv2p00_LPC17xx\Debug\libCMSISv2p00_LPC17xx.a(lpc17xx_libcfg_default.o)
 .debug_macro   0x00000000       0x10 C:\Users\Administrador\Desktop\Electronica Digital 3\Ejercicios\CMSISv2p00_LPC17xx\Debug\libCMSISv2p00_LPC17xx.a(lpc17xx_libcfg_default.o)
 .debug_macro   0x00000000      0x12e C:\Users\Administrador\Desktop\Electronica Digital 3\Ejercicios\CMSISv2p00_LPC17xx\Debug\libCMSISv2p00_LPC17xx.a(lpc17xx_libcfg_default.o)
 .debug_macro   0x00000000      0x5b3 C:\Users\Administrador\Desktop\Electronica Digital 3\Ejercicios\CMSISv2p00_LPC17xx\Debug\libCMSISv2p00_LPC17xx.a(lpc17xx_libcfg_default.o)
 .text          0x00000000        0x0 c:/nxp/mcuxpressoide_11.4.0_6224/ide/plugins/com.nxp.mcuxpresso.tools.win32_11.4.0.202103011116/tools/bin/../lib/gcc/arm-none-eabi/10.2.1/../../../../arm-none-eabi/lib/thumb/v7-m/nofp\libcr_c.a(__weak__main.o)
 .data          0x00000000        0x0 c:/nxp/mcuxpressoide_11.4.0_6224/ide/plugins/com.nxp.mcuxpresso.tools.win32_11.4.0.202103011116/tools/bin/../lib/gcc/arm-none-eabi/10.2.1/../../../../arm-none-eabi/lib/thumb/v7-m/nofp\libcr_c.a(__weak__main.o)
 .bss           0x00000000        0x0 c:/nxp/mcuxpressoide_11.4.0_6224/ide/plugins/com.nxp.mcuxpresso.tools.win32_11.4.0.202103011116/tools/bin/../lib/gcc/arm-none-eabi/10.2.1/../../../../arm-none-eabi/lib/thumb/v7-m/nofp\libcr_c.a(__weak__main.o)
 .text          0x00000000        0x0 c:/nxp/mcuxpressoide_11.4.0_6224/ide/plugins/com.nxp.mcuxpresso.tools.win32_11.4.0.202103011116/tools/bin/../lib/gcc/arm-none-eabi/10.2.1/thumb/v7-m/nofp\libcr_eabihelpers.a(division_64.o)
 .data          0x00000000        0x0 c:/nxp/mcuxpressoide_11.4.0_6224/ide/plugins/com.nxp.mcuxpresso.tools.win32_11.4.0.202103011116/tools/bin/../lib/gcc/arm-none-eabi/10.2.1/thumb/v7-m/nofp\libcr_eabihelpers.a(division_64.o)
 .bss           0x00000000        0x0 c:/nxp/mcuxpressoide_11.4.0_6224/ide/plugins/com.nxp.mcuxpresso.tools.win32_11.4.0.202103011116/tools/bin/../lib/gcc/arm-none-eabi/10.2.1/thumb/v7-m/nofp\libcr_eabihelpers.a(division_64.o)
 .text.__aeabi_division_ldivmod
                0x00000000       0x26 c:/nxp/mcuxpressoide_11.4.0_6224/ide/plugins/com.nxp.mcuxpresso.tools.win32_11.4.0.202103011116/tools/bin/../lib/gcc/arm-none-eabi/10.2.1/thumb/v7-m/nofp\libcr_eabihelpers.a(division_64.o)
 .text.__aeabi_division_uldivmod
                0x00000000      0x174 c:/nxp/mcuxpressoide_11.4.0_6224/ide/plugins/com.nxp.mcuxpresso.tools.win32_11.4.0.202103011116/tools/bin/../lib/gcc/arm-none-eabi/10.2.1/thumb/v7-m/nofp\libcr_eabihelpers.a(division_64.o)
 .ARM.attributes
                0x00000000       0x1b c:/nxp/mcuxpressoide_11.4.0_6224/ide/plugins/com.nxp.mcuxpresso.tools.win32_11.4.0.202103011116/tools/bin/../lib/gcc/arm-none-eabi/10.2.1/thumb/v7-m/nofp\libcr_eabihelpers.a(division_64.o)
 .text          0x00000000        0x0 c:/nxp/mcuxpressoide_11.4.0_6224/ide/plugins/com.nxp.mcuxpresso.tools.win32_11.4.0.202103011116/tools/bin/../lib/gcc/arm-none-eabi/10.2.1/thumb/v7-m/nofp\libcr_eabihelpers.a(division_idiv0.o)
 .data          0x00000000        0x0 c:/nxp/mcuxpressoide_11.4.0_6224/ide/plugins/com.nxp.mcuxpresso.tools.win32_11.4.0.202103011116/tools/bin/../lib/gcc/arm-none-eabi/10.2.1/thumb/v7-m/nofp\libcr_eabihelpers.a(division_idiv0.o)
 .bss           0x00000000        0x0 c:/nxp/mcuxpressoide_11.4.0_6224/ide/plugins/com.nxp.mcuxpresso.tools.win32_11.4.0.202103011116/tools/bin/../lib/gcc/arm-none-eabi/10.2.1/thumb/v7-m/nofp\libcr_eabihelpers.a(division_idiv0.o)
 .text.__aeabi_division_idiv0
                0x00000000        0x2 c:/nxp/mcuxpressoide_11.4.0_6224/ide/plugins/com.nxp.mcuxpresso.tools.win32_11.4.0.202103011116/tools/bin/../lib/gcc/arm-none-eabi/10.2.1/thumb/v7-m/nofp\libcr_eabihelpers.a(division_idiv0.o)
 .ARM.attributes
                0x00000000       0x1b c:/nxp/mcuxpressoide_11.4.0_6224/ide/plugins/com.nxp.mcuxpresso.tools.win32_11.4.0.202103011116/tools/bin/../lib/gcc/arm-none-eabi/10.2.1/thumb/v7-m/nofp\libcr_eabihelpers.a(division_idiv0.o)

Memory Configuration

Name             Origin             Length             Attributes
MFlash512        0x00000000         0x00080000         xr
RamLoc32         0x10000000         0x00008000         xrw
RamAHB32         0x2007c000         0x00008000         xrw
*default*        0x00000000         0xffffffff

Linker script and memory map

LOAD ./src/cr_startup_lpc175x_6x.o
LOAD ./src/crp.o
LOAD ./src/teclado_2.o
LOAD C:\Users\Administrador\Desktop\Electronica Digital 3\Ejercicios\CMSISv2p00_LPC17xx\Debug\libCMSISv2p00_LPC17xx.a
START GROUP
LOAD c:/nxp/mcuxpressoide_11.4.0_6224/ide/plugins/com.nxp.mcuxpresso.tools.win32_11.4.0.202103011116/tools/bin/../lib/gcc/arm-none-eabi/10.2.1/../../../../arm-none-eabi/lib/thumb/v7-m/nofp\libcr_c.a
LOAD c:/nxp/mcuxpressoide_11.4.0_6224/ide/plugins/com.nxp.mcuxpresso.tools.win32_11.4.0.202103011116/tools/bin/../lib/gcc/arm-none-eabi/10.2.1/thumb/v7-m/nofp\libcr_eabihelpers.a
LOAD c:/nxp/mcuxpressoide_11.4.0_6224/ide/plugins/com.nxp.mcuxpresso.tools.win32_11.4.0.202103011116/tools/bin/../lib/gcc/arm-none-eabi/10.2.1/thumb/v7-m/nofp\libgcc.a
END GROUP
                0x00000000                __base_MFlash512 = 0x0
                0x00000000                __base_Flash = 0x0
                0x00080000                __top_MFlash512 = 0x80000
                0x00080000                __top_Flash = 0x80000
                0x10000000                __base_RamLoc32 = 0x10000000
                0x10000000                __base_RAM = 0x10000000
                0x10008000                __top_RamLoc32 = 0x10008000
                0x10008000                __top_RAM = 0x10008000
                0x2007c000                __base_RamAHB32 = 0x2007c000
                0x2007c000                __base_RAM2 = 0x2007c000
                0x20084000                __top_RamAHB32 = 0x20084000
                0x20084000                __top_RAM2 = 0x20084000

.text           0x00000000      0xae0
 FILL mask 0xff
                0x00000000                __vectors_start__ = ABSOLUTE (.)
 *(.isr_vector)
 .isr_vector    0x00000000       0xcc ./src/cr_startup_lpc175x_6x.o
                0x00000000                g_pfnVectors
                0x000000cc                . = ALIGN (0x4)
                0x000000cc                __section_table_start = .
                0x000000cc                __data_section_table = .
                0x000000cc        0x4 LONG 0xae0 LOADADDR (.data)
                0x000000d0        0x4 LONG 0x10000000 ADDR (.data)
                0x000000d4        0x4 LONG 0x4 SIZEOF (.data)
                0x000000d8        0x4 LONG 0xae0 LOADADDR (.data_RAM2)
                0x000000dc        0x4 LONG 0x2007c000 ADDR (.data_RAM2)
                0x000000e0        0x4 LONG 0x0 SIZEOF (.data_RAM2)
                0x000000e4                __data_section_table_end = .
                0x000000e4                __bss_section_table = .
                0x000000e4        0x4 LONG 0x10000004 ADDR (.bss)
                0x000000e8        0x4 LONG 0x8 SIZEOF (.bss)
                0x000000ec        0x4 LONG 0x2007c000 ADDR (.bss_RAM2)
                0x000000f0        0x4 LONG 0x0 SIZEOF (.bss_RAM2)
                0x000000f4                __bss_section_table_end = .
                0x000000f4                __section_table_end = .
 *(.after_vectors*)
 .after_vectors
                0x000000f4      0x130 ./src/cr_startup_lpc175x_6x.o
                0x000000f4                data_init
                0x00000138                bss_init
                0x00000170                ResetISR
                0x000001e8                NMI_Handler
                0x000001ee                HardFault_Handler
                0x000001f4                MemManage_Handler
                0x000001fa                BusFault_Handler
                0x00000200                UsageFault_Handler
                0x00000206                SVC_Handler
                0x0000020c                DebugMon_Handler
                0x00000212                PendSV_Handler
                0x00000218                SysTick_Handler
                0x0000021e                EINT3_IRQHandler
                0x0000021e                CANActivity_IRQHandler
                0x0000021e                TIMER3_IRQHandler
                0x0000021e                UART0_IRQHandler
                0x0000021e                UART1_IRQHandler
                0x0000021e                EINT2_IRQHandler
                0x0000021e                USBActivity_IRQHandler
                0x0000021e                IntDefaultHandler
                0x0000021e                PLL0_IRQHandler
                0x0000021e                I2C0_IRQHandler
                0x0000021e                I2C1_IRQHandler
                0x0000021e                SSP0_IRQHandler
                0x0000021e                I2S_IRQHandler
                0x0000021e                I2C2_IRQHandler
                0x0000021e                RTC_IRQHandler
                0x0000021e                TIMER0_IRQHandler
                0x0000021e                SPI_IRQHandler
                0x0000021e                RIT_IRQHandler
                0x0000021e                EINT1_IRQHandler
                0x0000021e                TIMER1_IRQHandler
                0x0000021e                UART2_IRQHandler
                0x0000021e                ADC_IRQHandler
                0x0000021e                SSP1_IRQHandler
                0x0000021e                USB_IRQHandler
                0x0000021e                BOD_IRQHandler
                0x0000021e                PLL1_IRQHandler
                0x0000021e                WDT_IRQHandler
                0x0000021e                PWM1_IRQHandler
                0x0000021e                QEI_IRQHandler
                0x0000021e                EINT0_IRQHandler
                0x0000021e                CAN_IRQHandler
                0x0000021e                DMA_IRQHandler
                0x0000021e                TIMER2_IRQHandler
                0x0000021e                UART3_IRQHandler
                0x0000021e                MCPWM_IRQHandler
                0x0000021e                ENET_IRQHandler
                0x000002fc                . = 0x2fc
 *fill*         0x00000224       0xd8 ff
                0x000002fc                PROVIDE (__CRP_WORD_START__ = .)
 *(.crp)
 .crp           0x000002fc        0x4 ./src/crp.o
                0x000002fc                CRP_WORD
                0x00000300                PROVIDE (__CRP_WORD_END__ = .)
                0x00000001                ASSERT (! ((__CRP_WORD_START__ == __CRP_WORD_END__)), Linker CRP Enabled, but no CRP_WORD provided within application)
 *(.text*)
 .text.main     0x00000300       0x1a ./src/teclado_2.o
                0x00000300                main
 *fill*         0x0000031a        0x2 ff
 .text.PinConfig
                0x0000031c       0x20 ./src/teclado_2.o
                0x0000031c                PinConfig
 .text.ScanearTeclado
                0x0000033c      0x108 ./src/teclado_2.o
                0x0000033c                ScanearTeclado
 .text.retardo  0x00000444       0x2c ./src/teclado_2.o
                0x00000444                retardo
 .text.Set_UART3
                0x00000470       0x6c ./src/teclado_2.o
                0x00000470                Set_UART3
 .text.enviar   0x000004dc       0x1c ./src/teclado_2.o
                0x000004dc                enviar
 .text.SystemInit
                0x000004f8       0xd8 C:\Users\Administrador\Desktop\Electronica Digital 3\Ejercicios\CMSISv2p00_LPC17xx\Debug\libCMSISv2p00_LPC17xx.a(system_LPC17xx.o)
                0x000004f8                SystemInit
 .text.PINSEL_ConfigPin
                0x000005d0       0x7c C:\Users\Administrador\Desktop\Electronica Digital 3\Ejercicios\CMSISv2p00_LPC17xx\Debug\libCMSISv2p00_LPC17xx.a(lpc17xx_pinsel.o)
                0x000005d0                PINSEL_ConfigPin
 .text.UART_Init
                0x0000064c      0x28c C:\Users\Administrador\Desktop\Electronica Digital 3\Ejercicios\CMSISv2p00_LPC17xx\Debug\libCMSISv2p00_LPC17xx.a(lpc17xx_uart.o)
                0x0000064c                UART_Init
 .text.UART_ConfigStructInit
                0x000008d8       0x12 C:\Users\Administrador\Desktop\Electronica Digital 3\Ejercicios\CMSISv2p00_LPC17xx\Debug\libCMSISv2p00_LPC17xx.a(lpc17xx_uart.o)
                0x000008d8                UART_ConfigStructInit
 *fill*         0x000008ea        0x2 ff
 .text.UART_SendByte
                0x000008ec       0x3c C:\Users\Administrador\Desktop\Electronica Digital 3\Ejercicios\CMSISv2p00_LPC17xx\Debug\libCMSISv2p00_LPC17xx.a(lpc17xx_uart.o)
                0x000008ec                UART_SendByte
 .text.UART_FIFOConfig
                0x00000928       0xa8 C:\Users\Administrador\Desktop\Electronica Digital 3\Ejercicios\CMSISv2p00_LPC17xx\Debug\libCMSISv2p00_LPC17xx.a(lpc17xx_uart.o)
                0x00000928                UART_FIFOConfig
 .text.UART_FIFOConfigStructInit
                0x000009d0        0xe C:\Users\Administrador\Desktop\Electronica Digital 3\Ejercicios\CMSISv2p00_LPC17xx\Debug\libCMSISv2p00_LPC17xx.a(lpc17xx_uart.o)
                0x000009d0                UART_FIFOConfigStructInit
 *fill*         0x000009de        0x2 ff
 .text.UART_TxCmd
                0x000009e0       0x60 C:\Users\Administrador\Desktop\Electronica Digital 3\Ejercicios\CMSISv2p00_LPC17xx\Debug\libCMSISv2p00_LPC17xx.a(lpc17xx_uart.o)
                0x000009e0                UART_TxCmd
 .text.CLKPWR_GetPCLKSEL
                0x00000a40       0x20 C:\Users\Administrador\Desktop\Electronica Digital 3\Ejercicios\CMSISv2p00_LPC17xx\Debug\libCMSISv2p00_LPC17xx.a(lpc17xx_clkpwr.o)
                0x00000a40                CLKPWR_GetPCLKSEL
 .text.CLKPWR_GetPCLK
                0x00000a60       0x20 C:\Users\Administrador\Desktop\Electronica Digital 3\Ejercicios\CMSISv2p00_LPC17xx\Debug\libCMSISv2p00_LPC17xx.a(lpc17xx_clkpwr.o)
                0x00000a60                CLKPWR_GetPCLK
 .text.CLKPWR_ConfigPPWR
                0x00000a80       0x34 C:\Users\Administrador\Desktop\Electronica Digital 3\Ejercicios\CMSISv2p00_LPC17xx\Debug\libCMSISv2p00_LPC17xx.a(lpc17xx_clkpwr.o)
                0x00000a80                CLKPWR_ConfigPPWR
 .text.check_failed
                0x00000ab4        0x2 C:\Users\Administrador\Desktop\Electronica Digital 3\Ejercicios\CMSISv2p00_LPC17xx\Debug\libCMSISv2p00_LPC17xx.a(lpc17xx_libcfg_default.o)
                0x00000ab4                check_failed
 .text.__weak_main
                0x00000ab6        0x4 c:/nxp/mcuxpressoide_11.4.0_6224/ide/plugins/com.nxp.mcuxpresso.tools.win32_11.4.0.202103011116/tools/bin/../lib/gcc/arm-none-eabi/10.2.1/../../../../arm-none-eabi/lib/thumb/v7-m/nofp\libcr_c.a(__weak__main.o)
                0x00000ab6                __weak_main
                0x00000ab6                __main
 *(.rodata .rodata.* .constdata .constdata.*)
 *fill*         0x00000aba        0x2 ff
 .rodata.keyboard
                0x00000abc       0x10 ./src/teclado_2.o
 .rodata.UART_Init.str1.1
                0x00000acc       0x10 C:\Users\Administrador\Desktop\Electronica Digital 3\Ejercicios\CMSISv2p00_LPC17xx\Debug\libCMSISv2p00_LPC17xx.a(lpc17xx_uart.o)
 .rodata.CSWTCH.5
                0x00000adc        0x4 C:\Users\Administrador\Desktop\Electronica Digital 3\Ejercicios\CMSISv2p00_LPC17xx\Debug\libCMSISv2p00_LPC17xx.a(lpc17xx_clkpwr.o)
                0x00000ae0                . = ALIGN (0x4)

.glue_7         0x00000ae0        0x0
 .glue_7        0x00000ae0        0x0 linker stubs

.glue_7t        0x00000ae0        0x0
 .glue_7t       0x00000ae0        0x0 linker stubs

.vfp11_veneer   0x00000ae0        0x0
 .vfp11_veneer  0x00000ae0        0x0 linker stubs

.v4_bx          0x00000ae0        0x0
 .v4_bx         0x00000ae0        0x0 linker stubs

.iplt           0x00000ae0        0x0
 .iplt          0x00000ae0        0x0 ./src/cr_startup_lpc175x_6x.o

.rel.dyn        0x00000ae0        0x0
 .rel.iplt      0x00000ae0        0x0 ./src/cr_startup_lpc175x_6x.o

.ARM.extab
 *(.ARM.extab* .gnu.linkonce.armextab.*)

.ARM.exidx      0x00000ae0        0x0
                0x00000ae0                __exidx_start = .
 *(.ARM.exidx* .gnu.linkonce.armexidx.*)
                0x00000ae0                __exidx_end = .
                0x00000ae0                _etext = .

.data_RAM2      0x2007c000        0x0 load address 0x00000ae0
 FILL mask 0xff
                [!provide]                PROVIDE (__start_data_RAM2 = .)
                [!provide]                PROVIDE (__start_data_RamAHB32 = .)
 *(.ramfunc.$RAM2)
 *(.ramfunc.$RamAHB32)
 *(.data.$RAM2)
 *(.data.$RamAHB32)
 *(.data.$RAM2.*)
 *(.data.$RamAHB32.*)
                0x2007c000                . = ALIGN (0x4)
                [!provide]                PROVIDE (__end_data_RAM2 = .)
                [!provide]                PROVIDE (__end_data_RamAHB32 = .)

.uninit_RESERVED
                0x10000000        0x0
                0x10000000                _start_uninit_RESERVED = .
 *(.bss.$RESERVED*)
                0x10000000                . = ALIGN (0x4)
                0x10000000                _end_uninit_RESERVED = .

.data           0x10000000        0x4 load address 0x00000ae0
 FILL mask 0xff
                0x10000000                _data = .
                [!provide]                PROVIDE (__start_data_RAM = .)
                [!provide]                PROVIDE (__start_data_RamLoc32 = .)
 *(vtable)
 *(.ramfunc*)
 *(CodeQuickAccess)
 *(DataQuickAccess)
 *(RamFunction)
 *(.data*)
 .data.SystemCoreClock
                0x10000000        0x4 C:\Users\Administrador\Desktop\Electronica Digital 3\Ejercicios\CMSISv2p00_LPC17xx\Debug\libCMSISv2p00_LPC17xx.a(system_LPC17xx.o)
                0x10000000                SystemCoreClock
                0x10000004                . = ALIGN (0x4)
                0x10000004                _edata = .
                [!provide]                PROVIDE (__end_data_RAM = .)
                [!provide]                PROVIDE (__end_data_RamLoc32 = .)

.igot.plt       0x10000004        0x0 load address 0x00000ae4
 .igot.plt      0x10000004        0x0 ./src/cr_startup_lpc175x_6x.o

.bss_RAM2       0x2007c000        0x0
                [!provide]                PROVIDE (__start_bss_RAM2 = .)
                [!provide]                PROVIDE (__start_bss_RamAHB32 = .)
 *(.bss.$RAM2)
 *(.bss.$RamAHB32)
 *(.bss.$RAM2.*)
 *(.bss.$RamAHB32.*)
                0x2007c000                . = ALIGN ((. != 0x0)?0x4:0x1)
                [!provide]                PROVIDE (__end_bss_RAM2 = .)
                [!provide]                PROVIDE (__end_bss_RamAHB32 = .)

.bss            0x10000004        0x8
                0x10000004                _bss = .
                [!provide]                PROVIDE (__start_bss_RAM = .)
                [!provide]                PROVIDE (__start_bss_RamLoc32 = .)
 *(.bss*)
 .bss.scan_data
                0x10000004        0x4 ./src/teclado_2.o
                0x10000004                scan_data
 .bss.dato_uart
                0x10000008        0x1 ./src/teclado_2.o
                0x10000008                dato_uart
 *(COMMON)
                0x1000000c                . = ALIGN (0x4)
 *fill*         0x10000009        0x3 
                0x1000000c                _ebss = .
                [!provide]                PROVIDE (__end_bss_RAM = .)
                [!provide]                PROVIDE (__end_bss_RamLoc32 = .)
                [!provide]                PROVIDE (end = .)

.noinit_RAM2    0x2007c000        0x0
                [!provide]                PROVIDE (__start_noinit_RAM2 = .)
                [!provide]                PROVIDE (__start_noinit_RamAHB32 = .)
 *(.noinit.$RAM2)
 *(.noinit.$RamAHB32)
 *(.noinit.$RAM2.*)
 *(.noinit.$RamAHB32.*)
                0x2007c000                . = ALIGN (0x4)
                [!provide]                PROVIDE (__end_noinit_RAM2 = .)
                [!provide]                PROVIDE (__end_noinit_RamAHB32 = .)

.noinit         0x1000000c        0x0
                0x1000000c                _noinit = .
                [!provide]                PROVIDE (__start_noinit_RAM = .)
                [!provide]                PROVIDE (__start_noinit_RamLoc32 = .)
 *(.noinit*)
                0x1000000c                . = ALIGN (0x4)
                0x1000000c                _end_noinit = .
                [!provide]                PROVIDE (__end_noinit_RAM = .)
                [!provide]                PROVIDE (__end_noinit_RamLoc32 = .)
                [!provide]                PROVIDE (_pvHeapStart = DEFINED (__user_heap_base)?__user_heap_base:.)
                0x10008000                PROVIDE (_vStackTop = DEFINED (__user_stack_top)?__user_stack_top:(__top_RamLoc32 - 0x0))
                0xefff74c6                PROVIDE (__valid_user_code_checksum = (0x0 - ((((((_vStackTop + (ResetISR + 0x1)) + (NMI_Handler + 0x1)) + (HardFault_Handler + 0x1)) + (DEFINED (MemManage_Handler)?MemManage_Handler:0x0 + 0x1)) + (DEFINED (BusFault_Handler)?BusFault_Handler:0x0 + 0x1)) + (DEFINED (UsageFault_Handler)?UsageFault_Handler:0x0 + 0x1))))
                0x00000000                _image_start = LOADADDR (.text)
                0x00000ae4                _image_end = (LOADADDR (.data) + SIZEOF (.data))
                0x00000ae4                _image_size = (_image_end - _image_start)
OUTPUT(teclado_2.axf elf32-littlearm)
LOAD linker stubs

.debug_info     0x00000000     0x37d7
 .debug_info    0x00000000      0x27f ./src/cr_startup_lpc175x_6x.o
 .debug_info    0x0000027f       0x40 ./src/crp.o
 .debug_info    0x000002bf      0x853 ./src/teclado_2.o
 .debug_info    0x00000b12      0x347 C:\Users\Administrador\Desktop\Electronica Digital 3\Ejercicios\CMSISv2p00_LPC17xx\Debug\libCMSISv2p00_LPC17xx.a(system_LPC17xx.o)
 .debug_info    0x00000e59      0x544 C:\Users\Administrador\Desktop\Electronica Digital 3\Ejercicios\CMSISv2p00_LPC17xx\Debug\libCMSISv2p00_LPC17xx.a(lpc17xx_pinsel.o)
 .debug_info    0x0000139d     0x1c9c C:\Users\Administrador\Desktop\Electronica Digital 3\Ejercicios\CMSISv2p00_LPC17xx\Debug\libCMSISv2p00_LPC17xx.a(lpc17xx_uart.o)
 .debug_info    0x00003039      0x6ca C:\Users\Administrador\Desktop\Electronica Digital 3\Ejercicios\CMSISv2p00_LPC17xx\Debug\libCMSISv2p00_LPC17xx.a(lpc17xx_clkpwr.o)
 .debug_info    0x00003703       0xd4 C:\Users\Administrador\Desktop\Electronica Digital 3\Ejercicios\CMSISv2p00_LPC17xx\Debug\libCMSISv2p00_LPC17xx.a(lpc17xx_libcfg_default.o)

.debug_abbrev   0x00000000      0xc08
 .debug_abbrev  0x00000000      0x122 ./src/cr_startup_lpc175x_6x.o
 .debug_abbrev  0x00000122       0x38 ./src/crp.o
 .debug_abbrev  0x0000015a      0x21d ./src/teclado_2.o
 .debug_abbrev  0x00000377      0x10e C:\Users\Administrador\Desktop\Electronica Digital 3\Ejercicios\CMSISv2p00_LPC17xx\Debug\libCMSISv2p00_LPC17xx.a(system_LPC17xx.o)
 .debug_abbrev  0x00000485      0x1b9 C:\Users\Administrador\Desktop\Electronica Digital 3\Ejercicios\CMSISv2p00_LPC17xx\Debug\libCMSISv2p00_LPC17xx.a(lpc17xx_pinsel.o)
 .debug_abbrev  0x0000063e      0x364 C:\Users\Administrador\Desktop\Electronica Digital 3\Ejercicios\CMSISv2p00_LPC17xx\Debug\libCMSISv2p00_LPC17xx.a(lpc17xx_uart.o)
 .debug_abbrev  0x000009a2      0x1f1 C:\Users\Administrador\Desktop\Electronica Digital 3\Ejercicios\CMSISv2p00_LPC17xx\Debug\libCMSISv2p00_LPC17xx.a(lpc17xx_clkpwr.o)
 .debug_abbrev  0x00000b93       0x75 C:\Users\Administrador\Desktop\Electronica Digital 3\Ejercicios\CMSISv2p00_LPC17xx\Debug\libCMSISv2p00_LPC17xx.a(lpc17xx_libcfg_default.o)

.debug_aranges  0x00000000      0x2a8
 .debug_aranges
                0x00000000       0x80 ./src/cr_startup_lpc175x_6x.o
 .debug_aranges
                0x00000080       0x18 ./src/crp.o
 .debug_aranges
                0x00000098       0x48 ./src/teclado_2.o
 .debug_aranges
                0x000000e0       0x28 C:\Users\Administrador\Desktop\Electronica Digital 3\Ejercicios\CMSISv2p00_LPC17xx\Debug\libCMSISv2p00_LPC17xx.a(system_LPC17xx.o)
 .debug_aranges
                0x00000108       0x30 C:\Users\Administrador\Desktop\Electronica Digital 3\Ejercicios\CMSISv2p00_LPC17xx\Debug\libCMSISv2p00_LPC17xx.a(lpc17xx_pinsel.o)
 .debug_aranges
                0x00000138       0xf8 C:\Users\Administrador\Desktop\Electronica Digital 3\Ejercicios\CMSISv2p00_LPC17xx\Debug\libCMSISv2p00_LPC17xx.a(lpc17xx_uart.o)
 .debug_aranges
                0x00000230       0x58 C:\Users\Administrador\Desktop\Electronica Digital 3\Ejercicios\CMSISv2p00_LPC17xx\Debug\libCMSISv2p00_LPC17xx.a(lpc17xx_clkpwr.o)
 .debug_aranges
                0x00000288       0x20 C:\Users\Administrador\Desktop\Electronica Digital 3\Ejercicios\CMSISv2p00_LPC17xx\Debug\libCMSISv2p00_LPC17xx.a(lpc17xx_libcfg_default.o)

.debug_ranges   0x00000000      0x2a8
 .debug_ranges  0x00000000       0x70 ./src/cr_startup_lpc175x_6x.o
 .debug_ranges  0x00000070       0x38 ./src/teclado_2.o
 .debug_ranges  0x000000a8       0x18 C:\Users\Administrador\Desktop\Electronica Digital 3\Ejercicios\CMSISv2p00_LPC17xx\Debug\libCMSISv2p00_LPC17xx.a(system_LPC17xx.o)
 .debug_ranges  0x000000c0       0x60 C:\Users\Administrador\Desktop\Electronica Digital 3\Ejercicios\CMSISv2p00_LPC17xx\Debug\libCMSISv2p00_LPC17xx.a(lpc17xx_pinsel.o)
 .debug_ranges  0x00000120      0x130 C:\Users\Administrador\Desktop\Electronica Digital 3\Ejercicios\CMSISv2p00_LPC17xx\Debug\libCMSISv2p00_LPC17xx.a(lpc17xx_uart.o)
 .debug_ranges  0x00000250       0x48 C:\Users\Administrador\Desktop\Electronica Digital 3\Ejercicios\CMSISv2p00_LPC17xx\Debug\libCMSISv2p00_LPC17xx.a(lpc17xx_clkpwr.o)
 .debug_ranges  0x00000298       0x10 C:\Users\Administrador\Desktop\Electronica Digital 3\Ejercicios\CMSISv2p00_LPC17xx\Debug\libCMSISv2p00_LPC17xx.a(lpc17xx_libcfg_default.o)

.debug_macro    0x00000000     0x41f6
 .debug_macro   0x00000000       0x1d ./src/cr_startup_lpc175x_6x.o
 .debug_macro   0x0000001d      0xa7e ./src/cr_startup_lpc175x_6x.o
 .debug_macro   0x00000a9b       0x1a ./src/crp.o
 .debug_macro   0x00000ab5       0x34 ./src/crp.o
 .debug_macro   0x00000ae9       0xcc ./src/teclado_2.o
 .debug_macro   0x00000bb5       0x1c ./src/teclado_2.o
 .debug_macro   0x00000bd1       0x2e ./src/teclado_2.o
 .debug_macro   0x00000bff       0x10 ./src/teclado_2.o
 .debug_macro   0x00000c0f      0x12e ./src/teclado_2.o
 .debug_macro   0x00000d3d      0x5b3 ./src/teclado_2.o
 .debug_macro   0x000012f0       0x18 ./src/teclado_2.o
 .debug_macro   0x00001308      0x7af ./src/teclado_2.o
 .debug_macro   0x00001ab7      0x2c7 ./src/teclado_2.o
 .debug_macro   0x00001d7e       0x63 ./src/teclado_2.o
 .debug_macro   0x00001de1       0xe5 ./src/teclado_2.o
 .debug_macro   0x00001ec6      0x145 ./src/teclado_2.o
 .debug_macro   0x0000200b       0x46 ./src/teclado_2.o
 .debug_macro   0x00002051       0xe4 ./src/teclado_2.o
 .debug_macro   0x00002135      0x33a ./src/teclado_2.o
 .debug_macro   0x0000246f       0x82 ./src/teclado_2.o
 .debug_macro   0x000024f1      0x12b C:\Users\Administrador\Desktop\Electronica Digital 3\Ejercicios\CMSISv2p00_LPC17xx\Debug\libCMSISv2p00_LPC17xx.a(system_LPC17xx.o)
 .debug_macro   0x0000261c      0xa78 C:\Users\Administrador\Desktop\Electronica Digital 3\Ejercicios\CMSISv2p00_LPC17xx\Debug\libCMSISv2p00_LPC17xx.a(system_LPC17xx.o)
 .debug_macro   0x00003094       0x1c C:\Users\Administrador\Desktop\Electronica Digital 3\Ejercicios\CMSISv2p00_LPC17xx\Debug\libCMSISv2p00_LPC17xx.a(system_LPC17xx.o)
 .debug_macro   0x000030b0      0x2c7 C:\Users\Administrador\Desktop\Electronica Digital 3\Ejercicios\CMSISv2p00_LPC17xx\Debug\libCMSISv2p00_LPC17xx.a(system_LPC17xx.o)
 .debug_macro   0x00003377       0x8d C:\Users\Administrador\Desktop\Electronica Digital 3\Ejercicios\CMSISv2p00_LPC17xx\Debug\libCMSISv2p00_LPC17xx.a(lpc17xx_pinsel.o)
 .debug_macro   0x00003404      0x13f C:\Users\Administrador\Desktop\Electronica Digital 3\Ejercicios\CMSISv2p00_LPC17xx\Debug\libCMSISv2p00_LPC17xx.a(lpc17xx_pinsel.o)
 .debug_macro   0x00003543       0x9f C:\Users\Administrador\Desktop\Electronica Digital 3\Ejercicios\CMSISv2p00_LPC17xx\Debug\libCMSISv2p00_LPC17xx.a(lpc17xx_uart.o)
 .debug_macro   0x000035e2      0x334 C:\Users\Administrador\Desktop\Electronica Digital 3\Ejercicios\CMSISv2p00_LPC17xx\Debug\libCMSISv2p00_LPC17xx.a(lpc17xx_uart.o)
 .debug_macro   0x00003916      0x2f7 C:\Users\Administrador\Desktop\Electronica Digital 3\Ejercicios\CMSISv2p00_LPC17xx\Debug\libCMSISv2p00_LPC17xx.a(lpc17xx_uart.o)
 .debug_macro   0x00003c0d       0xdd C:\Users\Administrador\Desktop\Electronica Digital 3\Ejercicios\CMSISv2p00_LPC17xx\Debug\libCMSISv2p00_LPC17xx.a(lpc17xx_uart.o)
 .debug_macro   0x00003cea       0x8d C:\Users\Administrador\Desktop\Electronica Digital 3\Ejercicios\CMSISv2p00_LPC17xx\Debug\libCMSISv2p00_LPC17xx.a(lpc17xx_clkpwr.o)
 .debug_macro   0x00003d77      0x2f1 C:\Users\Administrador\Desktop\Electronica Digital 3\Ejercicios\CMSISv2p00_LPC17xx\Debug\libCMSISv2p00_LPC17xx.a(lpc17xx_clkpwr.o)
 .debug_macro   0x00004068       0x5a C:\Users\Administrador\Desktop\Electronica Digital 3\Ejercicios\CMSISv2p00_LPC17xx\Debug\libCMSISv2p00_LPC17xx.a(lpc17xx_libcfg_default.o)
 .debug_macro   0x000040c2       0x5d C:\Users\Administrador\Desktop\Electronica Digital 3\Ejercicios\CMSISv2p00_LPC17xx\Debug\libCMSISv2p00_LPC17xx.a(lpc17xx_libcfg_default.o)
 .debug_macro   0x0000411f       0xd7 C:\Users\Administrador\Desktop\Electronica Digital 3\Ejercicios\CMSISv2p00_LPC17xx\Debug\libCMSISv2p00_LPC17xx.a(lpc17xx_libcfg_default.o)

.debug_line     0x00000000     0x270c
 .debug_line    0x00000000      0x160 ./src/cr_startup_lpc175x_6x.o
 .debug_line    0x00000160       0xb1 ./src/crp.o
 .debug_line    0x00000211      0x4ba ./src/teclado_2.o
 .debug_line    0x000006cb      0x434 C:\Users\Administrador\Desktop\Electronica Digital 3\Ejercicios\CMSISv2p00_LPC17xx\Debug\libCMSISv2p00_LPC17xx.a(system_LPC17xx.o)
 .debug_line    0x00000aff      0x384 C:\Users\Administrador\Desktop\Electronica Digital 3\Ejercicios\CMSISv2p00_LPC17xx\Debug\libCMSISv2p00_LPC17xx.a(lpc17xx_pinsel.o)
 .debug_line    0x00000e83     0x11f3 C:\Users\Administrador\Desktop\Electronica Digital 3\Ejercicios\CMSISv2p00_LPC17xx\Debug\libCMSISv2p00_LPC17xx.a(lpc17xx_uart.o)
 .debug_line    0x00002076      0x46e C:\Users\Administrador\Desktop\Electronica Digital 3\Ejercicios\CMSISv2p00_LPC17xx\Debug\libCMSISv2p00_LPC17xx.a(lpc17xx_clkpwr.o)
 .debug_line    0x000024e4      0x228 C:\Users\Administrador\Desktop\Electronica Digital 3\Ejercicios\CMSISv2p00_LPC17xx\Debug\libCMSISv2p00_LPC17xx.a(lpc17xx_libcfg_default.o)

.debug_str      0x00000000     0xe239
 .debug_str     0x00000000     0x2ebc ./src/cr_startup_lpc175x_6x.o
                               0x2ecf (size before relaxing)
 .debug_str     0x00002ebc       0xe9 ./src/crp.o
                               0x2df0 (size before relaxing)
 .debug_str     0x00002fa5     0x8e84 ./src/teclado_2.o
                               0xbbfc (size before relaxing)
 .debug_str     0x0000be29      0x54b C:\Users\Administrador\Desktop\Electronica Digital 3\Ejercicios\CMSISv2p00_LPC17xx\Debug\libCMSISv2p00_LPC17xx.a(system_LPC17xx.o)
                               0x88bf (size before relaxing)
 .debug_str     0x0000c374      0x21a C:\Users\Administrador\Desktop\Electronica Digital 3\Ejercicios\CMSISv2p00_LPC17xx\Debug\libCMSISv2p00_LPC17xx.a(lpc17xx_pinsel.o)
                               0x8d31 (size before relaxing)
 .debug_str     0x0000c58e     0x1b7e C:\Users\Administrador\Desktop\Electronica Digital 3\Ejercicios\CMSISv2p00_LPC17xx\Debug\libCMSISv2p00_LPC17xx.a(lpc17xx_uart.o)
                               0xbb6e (size before relaxing)
 .debug_str     0x0000e10c      0x100 C:\Users\Administrador\Desktop\Electronica Digital 3\Ejercicios\CMSISv2p00_LPC17xx\Debug\libCMSISv2p00_LPC17xx.a(lpc17xx_clkpwr.o)
                               0x9ab9 (size before relaxing)
 .debug_str     0x0000e20c       0x2d C:\Users\Administrador\Desktop\Electronica Digital 3\Ejercicios\CMSISv2p00_LPC17xx\Debug\libCMSISv2p00_LPC17xx.a(lpc17xx_libcfg_default.o)
                               0x46e6 (size before relaxing)

.comment        0x00000000       0x4d
 .comment       0x00000000       0x4d ./src/cr_startup_lpc175x_6x.o
                                 0x4e (size before relaxing)
 .comment       0x0000004d       0x4e ./src/crp.o
 .comment       0x0000004d       0x4e ./src/teclado_2.o
 .comment       0x0000004d       0x4e C:\Users\Administrador\Desktop\Electronica Digital 3\Ejercicios\CMSISv2p00_LPC17xx\Debug\libCMSISv2p00_LPC17xx.a(system_LPC17xx.o)
 .comment       0x0000004d       0x4e C:\Users\Administrador\Desktop\Electronica Digital 3\Ejercicios\CMSISv2p00_LPC17xx\Debug\libCMSISv2p00_LPC17xx.a(lpc17xx_pinsel.o)
 .comment       0x0000004d       0x4e C:\Users\Administrador\Desktop\Electronica Digital 3\Ejercicios\CMSISv2p00_LPC17xx\Debug\libCMSISv2p00_LPC17xx.a(lpc17xx_uart.o)
 .comment       0x0000004d       0x4e C:\Users\Administrador\Desktop\Electronica Digital 3\Ejercicios\CMSISv2p00_LPC17xx\Debug\libCMSISv2p00_LPC17xx.a(lpc17xx_clkpwr.o)
 .comment       0x0000004d       0x4e C:\Users\Administrador\Desktop\Electronica Digital 3\Ejercicios\CMSISv2p00_LPC17xx\Debug\libCMSISv2p00_LPC17xx.a(lpc17xx_libcfg_default.o)
 .comment       0x0000004d       0x4e c:/nxp/mcuxpressoide_11.4.0_6224/ide/plugins/com.nxp.mcuxpresso.tools.win32_11.4.0.202103011116/tools/bin/../lib/gcc/arm-none-eabi/10.2.1/../../../../arm-none-eabi/lib/thumb/v7-m/nofp\libcr_c.a(__weak__main.o)

.ARM.attributes
                0x00000000       0x2b
 .ARM.attributes
                0x00000000       0x2d ./src/cr_startup_lpc175x_6x.o
 .ARM.attributes
                0x0000002d       0x33 ./src/crp.o
 .ARM.attributes
                0x00000060       0x2d ./src/teclado_2.o
 .ARM.attributes
                0x0000008d       0x2d C:\Users\Administrador\Desktop\Electronica Digital 3\Ejercicios\CMSISv2p00_LPC17xx\Debug\libCMSISv2p00_LPC17xx.a(system_LPC17xx.o)
 .ARM.attributes
                0x000000ba       0x2d C:\Users\Administrador\Desktop\Electronica Digital 3\Ejercicios\CMSISv2p00_LPC17xx\Debug\libCMSISv2p00_LPC17xx.a(lpc17xx_pinsel.o)
 .ARM.attributes
                0x000000e7       0x2d C:\Users\Administrador\Desktop\Electronica Digital 3\Ejercicios\CMSISv2p00_LPC17xx\Debug\libCMSISv2p00_LPC17xx.a(lpc17xx_uart.o)
 .ARM.attributes
                0x00000114       0x2d C:\Users\Administrador\Desktop\Electronica Digital 3\Ejercicios\CMSISv2p00_LPC17xx\Debug\libCMSISv2p00_LPC17xx.a(lpc17xx_clkpwr.o)
 .ARM.attributes
                0x00000141       0x2d C:\Users\Administrador\Desktop\Electronica Digital 3\Ejercicios\CMSISv2p00_LPC17xx\Debug\libCMSISv2p00_LPC17xx.a(lpc17xx_libcfg_default.o)
 .ARM.attributes
                0x0000016e       0x2d c:/nxp/mcuxpressoide_11.4.0_6224/ide/plugins/com.nxp.mcuxpresso.tools.win32_11.4.0.202103011116/tools/bin/../lib/gcc/arm-none-eabi/10.2.1/../../../../arm-none-eabi/lib/thumb/v7-m/nofp\libcr_c.a(__weak__main.o)

.debug_frame    0x00000000      0x698
 .debug_frame   0x00000000      0x170 ./src/cr_startup_lpc175x_6x.o
 .debug_frame   0x00000170       0xd8 ./src/teclado_2.o
 .debug_frame   0x00000248       0x3c C:\Users\Administrador\Desktop\Electronica Digital 3\Ejercicios\CMSISv2p00_LPC17xx\Debug\libCMSISv2p00_LPC17xx.a(system_LPC17xx.o)
 .debug_frame   0x00000284       0x50 C:\Users\Administrador\Desktop\Electronica Digital 3\Ejercicios\CMSISv2p00_LPC17xx\Debug\libCMSISv2p00_LPC17xx.a(lpc17xx_pinsel.o)
 .debug_frame   0x000002d4      0x304 C:\Users\Administrador\Desktop\Electronica Digital 3\Ejercicios\CMSISv2p00_LPC17xx\Debug\libCMSISv2p00_LPC17xx.a(lpc17xx_uart.o)
 .debug_frame   0x000005d8       0xa0 C:\Users\Administrador\Desktop\Electronica Digital 3\Ejercicios\CMSISv2p00_LPC17xx\Debug\libCMSISv2p00_LPC17xx.a(lpc17xx_clkpwr.o)
 .debug_frame   0x00000678       0x20 C:\Users\Administrador\Desktop\Electronica Digital 3\Ejercicios\CMSISv2p00_LPC17xx\Debug\libCMSISv2p00_LPC17xx.a(lpc17xx_libcfg_default.o)

.debug_loc      0x00000000     0x184d
 .debug_loc     0x00000000      0x1a1 C:\Users\Administrador\Desktop\Electronica Digital 3\Ejercicios\CMSISv2p00_LPC17xx\Debug\libCMSISv2p00_LPC17xx.a(lpc17xx_pinsel.o)
 .debug_loc     0x000001a1     0x1488 C:\Users\Administrador\Desktop\Electronica Digital 3\Ejercicios\CMSISv2p00_LPC17xx\Debug\libCMSISv2p00_LPC17xx.a(lpc17xx_uart.o)
 .debug_loc     0x00001629      0x1fa C:\Users\Administrador\Desktop\Electronica Digital 3\Ejercicios\CMSISv2p00_LPC17xx\Debug\libCMSISv2p00_LPC17xx.a(lpc17xx_clkpwr.o)
 .debug_loc     0x00001823       0x2a C:\Users\Administrador\Desktop\Electronica Digital 3\Ejercicios\CMSISv2p00_LPC17xx\Debug\libCMSISv2p00_LPC17xx.a(lpc17xx_libcfg_default.o)

Cross Reference Table

Symbol                                            File
ADC_IRQHandler                                    ./src/cr_startup_lpc175x_6x.o
BOD_IRQHandler                                    ./src/cr_startup_lpc175x_6x.o
BusFault_Handler                                  ./src/cr_startup_lpc175x_6x.o
CANActivity_IRQHandler                            ./src/cr_startup_lpc175x_6x.o
CAN_IRQHandler                                    ./src/cr_startup_lpc175x_6x.o
CLKPWR_ConfigPPWR                                 C:\Users\Administrador\Desktop\Electronica Digital 3\Ejercicios\CMSISv2p00_LPC17xx\Debug\libCMSISv2p00_LPC17xx.a(lpc17xx_clkpwr.o)
                                                  C:\Users\Administrador\Desktop\Electronica Digital 3\Ejercicios\CMSISv2p00_LPC17xx\Debug\libCMSISv2p00_LPC17xx.a(lpc17xx_uart.o)
CLKPWR_DeepPowerDown                              C:\Users\Administrador\Desktop\Electronica Digital 3\Ejercicios\CMSISv2p00_LPC17xx\Debug\libCMSISv2p00_LPC17xx.a(lpc17xx_clkpwr.o)
CLKPWR_DeepSleep                                  C:\Users\Administrador\Desktop\Electronica Digital 3\Ejercicios\CMSISv2p00_LPC17xx\Debug\libCMSISv2p00_LPC17xx.a(lpc17xx_clkpwr.o)
CLKPWR_GetPCLK                                    C:\Users\Administrador\Desktop\Electronica Digital 3\Ejercicios\CMSISv2p00_LPC17xx\Debug\libCMSISv2p00_LPC17xx.a(lpc17xx_clkpwr.o)
                                                  C:\Users\Administrador\Desktop\Electronica Digital 3\Ejercicios\CMSISv2p00_LPC17xx\Debug\libCMSISv2p00_LPC17xx.a(lpc17xx_uart.o)
CLKPWR_GetPCLKSEL                                 C:\Users\Administrador\Desktop\Electronica Digital 3\Ejercicios\CMSISv2p00_LPC17xx\Debug\libCMSISv2p00_LPC17xx.a(lpc17xx_clkpwr.o)
CLKPWR_PowerDown                                  C:\Users\Administrador\Desktop\Electronica Digital 3\Ejercicios\CMSISv2p00_LPC17xx\Debug\libCMSISv2p00_LPC17xx.a(lpc17xx_clkpwr.o)
CLKPWR_SetPCLKDiv                                 C:\Users\Administrador\Desktop\Electronica Digital 3\Ejercicios\CMSISv2p00_LPC17xx\Debug\libCMSISv2p00_LPC17xx.a(lpc17xx_clkpwr.o)
CLKPWR_Sleep                                      C:\Users\Administrador\Desktop\Electronica Digital 3\Ejercicios\CMSISv2p00_LPC17xx\Debug\libCMSISv2p00_LPC17xx.a(lpc17xx_clkpwr.o)
CRP_WORD                                          ./src/crp.o
DMA_IRQHandler                                    ./src/cr_startup_lpc175x_6x.o
DebugMon_Handler                                  ./src/cr_startup_lpc175x_6x.o
EINT0_IRQHandler                                  ./src/cr_startup_lpc175x_6x.o
EINT1_IRQHandler                                  ./src/cr_startup_lpc175x_6x.o
EINT2_IRQHandler                                  ./src/cr_startup_lpc175x_6x.o
EINT3_IRQHandler                                  ./src/cr_startup_lpc175x_6x.o
ENET_IRQHandler                                   ./src/cr_startup_lpc175x_6x.o
HardFault_Handler                                 ./src/cr_startup_lpc175x_6x.o
I2C0_IRQHandler                                   ./src/cr_startup_lpc175x_6x.o
I2C1_IRQHandler                                   ./src/cr_startup_lpc175x_6x.o
I2C2_IRQHandler                                   ./src/cr_startup_lpc175x_6x.o
I2S_IRQHandler                                    ./src/cr_startup_lpc175x_6x.o
IntDefaultHandler                                 ./src/cr_startup_lpc175x_6x.o
MCPWM_IRQHandler                                  ./src/cr_startup_lpc175x_6x.o
MemManage_Handler                                 ./src/cr_startup_lpc175x_6x.o
NMI_Handler                                       ./src/cr_startup_lpc175x_6x.o
PINSEL_ConfigPin                                  C:\Users\Administrador\Desktop\Electronica Digital 3\Ejercicios\CMSISv2p00_LPC17xx\Debug\libCMSISv2p00_LPC17xx.a(lpc17xx_pinsel.o)
                                                  ./src/teclado_2.o
PINSEL_ConfigTraceFunc                            C:\Users\Administrador\Desktop\Electronica Digital 3\Ejercicios\CMSISv2p00_LPC17xx\Debug\libCMSISv2p00_LPC17xx.a(lpc17xx_pinsel.o)
PINSEL_SetI2C0Pins                                C:\Users\Administrador\Desktop\Electronica Digital 3\Ejercicios\CMSISv2p00_LPC17xx\Debug\libCMSISv2p00_LPC17xx.a(lpc17xx_pinsel.o)
PLL0_IRQHandler                                   ./src/cr_startup_lpc175x_6x.o
PLL1_IRQHandler                                   ./src/cr_startup_lpc175x_6x.o
PWM1_IRQHandler                                   ./src/cr_startup_lpc175x_6x.o
PendSV_Handler                                    ./src/cr_startup_lpc175x_6x.o
PinConfig                                         ./src/teclado_2.o
QEI_IRQHandler                                    ./src/cr_startup_lpc175x_6x.o
RIT_IRQHandler                                    ./src/cr_startup_lpc175x_6x.o
RTC_IRQHandler                                    ./src/cr_startup_lpc175x_6x.o
ResetISR                                          ./src/cr_startup_lpc175x_6x.o
SPI_IRQHandler                                    ./src/cr_startup_lpc175x_6x.o
SSP0_IRQHandler                                   ./src/cr_startup_lpc175x_6x.o
SSP1_IRQHandler                                   ./src/cr_startup_lpc175x_6x.o
SVC_Handler                                       ./src/cr_startup_lpc175x_6x.o
ScanearTeclado                                    ./src/teclado_2.o
Set_UART3                                         ./src/teclado_2.o
SysTick_Handler                                   ./src/cr_startup_lpc175x_6x.o
SystemCoreClock                                   C:\Users\Administrador\Desktop\Electronica Digital 3\Ejercicios\CMSISv2p00_LPC17xx\Debug\libCMSISv2p00_LPC17xx.a(system_LPC17xx.o)
                                                  C:\Users\Administrador\Desktop\Electronica Digital 3\Ejercicios\CMSISv2p00_LPC17xx\Debug\libCMSISv2p00_LPC17xx.a(lpc17xx_clkpwr.o)
SystemCoreClockUpdate                             C:\Users\Administrador\Desktop\Electronica Digital 3\Ejercicios\CMSISv2p00_LPC17xx\Debug\libCMSISv2p00_LPC17xx.a(system_LPC17xx.o)
SystemInit                                        C:\Users\Administrador\Desktop\Electronica Digital 3\Ejercicios\CMSISv2p00_LPC17xx\Debug\libCMSISv2p00_LPC17xx.a(system_LPC17xx.o)
                                                  ./src/cr_startup_lpc175x_6x.o
TIMER0_IRQHandler                                 ./src/cr_startup_lpc175x_6x.o
TIMER1_IRQHandler                                 ./src/cr_startup_lpc175x_6x.o
TIMER2_IRQHandler                                 ./src/cr_startup_lpc175x_6x.o
TIMER3_IRQHandler                                 ./src/cr_startup_lpc175x_6x.o
UART0_IRQHandler                                  ./src/cr_startup_lpc175x_6x.o
UART1_IRQHandler                                  ./src/cr_startup_lpc175x_6x.o
UART2_IRQHandler                                  ./src/cr_startup_lpc175x_6x.o
UART3_IRQHandler                                  ./src/cr_startup_lpc175x_6x.o
UART_ABClearIntPending                            C:\Users\Administrador\Desktop\Electronica Digital 3\Ejercicios\CMSISv2p00_LPC17xx\Debug\libCMSISv2p00_LPC17xx.a(lpc17xx_uart.o)
UART_ABCmd                                        C:\Users\Administrador\Desktop\Electronica Digital 3\Ejercicios\CMSISv2p00_LPC17xx\Debug\libCMSISv2p00_LPC17xx.a(lpc17xx_uart.o)
UART_CheckBusy                                    C:\Users\Administrador\Desktop\Electronica Digital 3\Ejercicios\CMSISv2p00_LPC17xx\Debug\libCMSISv2p00_LPC17xx.a(lpc17xx_uart.o)
UART_ConfigStructInit                             C:\Users\Administrador\Desktop\Electronica Digital 3\Ejercicios\CMSISv2p00_LPC17xx\Debug\libCMSISv2p00_LPC17xx.a(lpc17xx_uart.o)
                                                  ./src/teclado_2.o
UART_DeInit                                       C:\Users\Administrador\Desktop\Electronica Digital 3\Ejercicios\CMSISv2p00_LPC17xx\Debug\libCMSISv2p00_LPC17xx.a(lpc17xx_uart.o)
UART_FIFOConfig                                   C:\Users\Administrador\Desktop\Electronica Digital 3\Ejercicios\CMSISv2p00_LPC17xx\Debug\libCMSISv2p00_LPC17xx.a(lpc17xx_uart.o)
                                                  ./src/teclado_2.o
UART_FIFOConfigStructInit                         C:\Users\Administrador\Desktop\Electronica Digital 3\Ejercicios\CMSISv2p00_LPC17xx\Debug\libCMSISv2p00_LPC17xx.a(lpc17xx_uart.o)
                                                  ./src/teclado_2.o
UART_ForceBreak                                   C:\Users\Administrador\Desktop\Electronica Digital 3\Ejercicios\CMSISv2p00_LPC17xx\Debug\libCMSISv2p00_LPC17xx.a(lpc17xx_uart.o)
UART_FullModemConfigMode                          C:\Users\Administrador\Desktop\Electronica Digital 3\Ejercicios\CMSISv2p00_LPC17xx\Debug\libCMSISv2p00_LPC17xx.a(lpc17xx_uart.o)
UART_FullModemForcePinState                       C:\Users\Administrador\Desktop\Electronica Digital 3\Ejercicios\CMSISv2p00_LPC17xx\Debug\libCMSISv2p00_LPC17xx.a(lpc17xx_uart.o)
UART_FullModemGetStatus                           C:\Users\Administrador\Desktop\Electronica Digital 3\Ejercicios\CMSISv2p00_LPC17xx\Debug\libCMSISv2p00_LPC17xx.a(lpc17xx_uart.o)
UART_GetIntId                                     C:\Users\Administrador\Desktop\Electronica Digital 3\Ejercicios\CMSISv2p00_LPC17xx\Debug\libCMSISv2p00_LPC17xx.a(lpc17xx_uart.o)
UART_GetLineStatus                                C:\Users\Administrador\Desktop\Electronica Digital 3\Ejercicios\CMSISv2p00_LPC17xx\Debug\libCMSISv2p00_LPC17xx.a(lpc17xx_uart.o)
UART_Init                                         C:\Users\Administrador\Desktop\Electronica Digital 3\Ejercicios\CMSISv2p00_LPC17xx\Debug\libCMSISv2p00_LPC17xx.a(lpc17xx_uart.o)
                                                  ./src/teclado_2.o
UART_IntConfig                                    C:\Users\Administrador\Desktop\Electronica Digital 3\Ejercicios\CMSISv2p00_LPC17xx\Debug\libCMSISv2p00_LPC17xx.a(lpc17xx_uart.o)
UART_IrDACmd                                      C:\Users\Administrador\Desktop\Electronica Digital 3\Ejercicios\CMSISv2p00_LPC17xx\Debug\libCMSISv2p00_LPC17xx.a(lpc17xx_uart.o)
UART_IrDAInvtInputCmd                             C:\Users\Administrador\Desktop\Electronica Digital 3\Ejercicios\CMSISv2p00_LPC17xx\Debug\libCMSISv2p00_LPC17xx.a(lpc17xx_uart.o)
UART_IrDAPulseDivConfig                           C:\Users\Administrador\Desktop\Electronica Digital 3\Ejercicios\CMSISv2p00_LPC17xx\Debug\libCMSISv2p00_LPC17xx.a(lpc17xx_uart.o)
UART_RS485Config                                  C:\Users\Administrador\Desktop\Electronica Digital 3\Ejercicios\CMSISv2p00_LPC17xx\Debug\libCMSISv2p00_LPC17xx.a(lpc17xx_uart.o)
UART_RS485ReceiverCmd                             C:\Users\Administrador\Desktop\Electronica Digital 3\Ejercicios\CMSISv2p00_LPC17xx\Debug\libCMSISv2p00_LPC17xx.a(lpc17xx_uart.o)
UART_RS485Send                                    C:\Users\Administrador\Desktop\Electronica Digital 3\Ejercicios\CMSISv2p00_LPC17xx\Debug\libCMSISv2p00_LPC17xx.a(lpc17xx_uart.o)
UART_RS485SendData                                C:\Users\Administrador\Desktop\Electronica Digital 3\Ejercicios\CMSISv2p00_LPC17xx\Debug\libCMSISv2p00_LPC17xx.a(lpc17xx_uart.o)
UART_RS485SendSlvAddr                             C:\Users\Administrador\Desktop\Electronica Digital 3\Ejercicios\CMSISv2p00_LPC17xx\Debug\libCMSISv2p00_LPC17xx.a(lpc17xx_uart.o)
UART_Receive                                      C:\Users\Administrador\Desktop\Electronica Digital 3\Ejercicios\CMSISv2p00_LPC17xx\Debug\libCMSISv2p00_LPC17xx.a(lpc17xx_uart.o)
UART_ReceiveByte                                  C:\Users\Administrador\Desktop\Electronica Digital 3\Ejercicios\CMSISv2p00_LPC17xx\Debug\libCMSISv2p00_LPC17xx.a(lpc17xx_uart.o)
UART_Send                                         C:\Users\Administrador\Desktop\Electronica Digital 3\Ejercicios\CMSISv2p00_LPC17xx\Debug\libCMSISv2p00_LPC17xx.a(lpc17xx_uart.o)
UART_SendByte                                     C:\Users\Administrador\Desktop\Electronica Digital 3\Ejercicios\CMSISv2p00_LPC17xx\Debug\libCMSISv2p00_LPC17xx.a(lpc17xx_uart.o)
                                                  ./src/teclado_2.o
UART_TxCmd                                        C:\Users\Administrador\Desktop\Electronica Digital 3\Ejercicios\CMSISv2p00_LPC17xx\Debug\libCMSISv2p00_LPC17xx.a(lpc17xx_uart.o)
                                                  ./src/teclado_2.o
USBActivity_IRQHandler                            ./src/cr_startup_lpc175x_6x.o
USB_IRQHandler                                    ./src/cr_startup_lpc175x_6x.o
UsageFault_Handler                                ./src/cr_startup_lpc175x_6x.o
WDT_IRQHandler                                    ./src/cr_startup_lpc175x_6x.o
__aeabi_idiv0                                     c:/nxp/mcuxpressoide_11.4.0_6224/ide/plugins/com.nxp.mcuxpresso.tools.win32_11.4.0.202103011116/tools/bin/../lib/gcc/arm-none-eabi/10.2.1/thumb/v7-m/nofp\libcr_eabihelpers.a(division_idiv0.o)
                                                  c:/nxp/mcuxpressoide_11.4.0_6224/ide/plugins/com.nxp.mcuxpresso.tools.win32_11.4.0.202103011116/tools/bin/../lib/gcc/arm-none-eabi/10.2.1/thumb/v7-m/nofp\libcr_eabihelpers.a(division_64.o)
__aeabi_ldivmod                                   c:/nxp/mcuxpressoide_11.4.0_6224/ide/plugins/com.nxp.mcuxpresso.tools.win32_11.4.0.202103011116/tools/bin/../lib/gcc/arm-none-eabi/10.2.1/thumb/v7-m/nofp\libcr_eabihelpers.a(division_64.o)
                                                  C:\Users\Administrador\Desktop\Electronica Digital 3\Ejercicios\CMSISv2p00_LPC17xx\Debug\libCMSISv2p00_LPC17xx.a(system_LPC17xx.o)
__aeabi_uldivmod                                  c:/nxp/mcuxpressoide_11.4.0_6224/ide/plugins/com.nxp.mcuxpresso.tools.win32_11.4.0.202103011116/tools/bin/../lib/gcc/arm-none-eabi/10.2.1/thumb/v7-m/nofp\libcr_eabihelpers.a(division_64.o)
                                                  C:\Users\Administrador\Desktop\Electronica Digital 3\Ejercicios\CMSISv2p00_LPC17xx\Debug\libCMSISv2p00_LPC17xx.a(system_LPC17xx.o)
__bhs_ldivmod1                                    c:/nxp/mcuxpressoide_11.4.0_6224/ide/plugins/com.nxp.mcuxpresso.tools.win32_11.4.0.202103011116/tools/bin/../lib/gcc/arm-none-eabi/10.2.1/thumb/v7-m/nofp\libcr_eabihelpers.a(division_64.o)
__bss_section_table_end                           ./src/cr_startup_lpc175x_6x.o
__data_section_table                              ./src/cr_startup_lpc175x_6x.o
__data_section_table_end                          ./src/cr_startup_lpc175x_6x.o
__main                                            c:/nxp/mcuxpressoide_11.4.0_6224/ide/plugins/com.nxp.mcuxpresso.tools.win32_11.4.0.202103011116/tools/bin/../lib/gcc/arm-none-eabi/10.2.1/../../../../arm-none-eabi/lib/thumb/v7-m/nofp\libcr_c.a(__weak__main.o)
                                                  ./src/cr_startup_lpc175x_6x.o
__valid_user_code_checksum                        ./src/cr_startup_lpc175x_6x.o
__weak_main                                       c:/nxp/mcuxpressoide_11.4.0_6224/ide/plugins/com.nxp.mcuxpresso.tools.win32_11.4.0.202103011116/tools/bin/../lib/gcc/arm-none-eabi/10.2.1/../../../../arm-none-eabi/lib/thumb/v7-m/nofp\libcr_c.a(__weak__main.o)
_vStackTop                                        ./src/cr_startup_lpc175x_6x.o
bss_init                                          ./src/cr_startup_lpc175x_6x.o
check_failed                                      C:\Users\Administrador\Desktop\Electronica Digital 3\Ejercicios\CMSISv2p00_LPC17xx\Debug\libCMSISv2p00_LPC17xx.a(lpc17xx_libcfg_default.o)
                                                  C:\Users\Administrador\Desktop\Electronica Digital 3\Ejercicios\CMSISv2p00_LPC17xx\Debug\libCMSISv2p00_LPC17xx.a(lpc17xx_uart.o)
data_init                                         ./src/cr_startup_lpc175x_6x.o
dato_uart                                         ./src/teclado_2.o
enviar                                            ./src/teclado_2.o
g_pfnVectors                                      ./src/cr_startup_lpc175x_6x.o
main                                              ./src/teclado_2.o
                                                  c:/nxp/mcuxpressoide_11.4.0_6224/ide/plugins/com.nxp.mcuxpresso.tools.win32_11.4.0.202103011116/tools/bin/../lib/gcc/arm-none-eabi/10.2.1/../../../../arm-none-eabi/lib/thumb/v7-m/nofp\libcr_c.a(__weak__main.o)
retardo                                           ./src/teclado_2.o
scan_data                                         ./src/teclado_2.o
